C51 COMPILER V9.60.0.0   EDID                                                              11/26/2025 11:55:36 PAGE 1   


C51 COMPILER V9.60.0.0, COMPILATION OF MODULE EDID
OBJECT MODULE PLACED IN .\Objects\edid.obj
COMPILER INVOKED BY: D:\DevTools\Keil_5\Keil_v5\C51\BIN\C51.EXE ..\User\edid.c LARGE OPTIMIZE(8,SPEED) BROWSE INCDIR(..\
                    -User) DEBUG OBJECTEXTEND PRINT(.\Listings\edid.lst) OBJECT(.\Objects\edid.obj)

line level    source

   1          #include "include.h"
   2          
   3          u8 Edid[256]={
   4          /*
   5          0x00,0xFF,0xFF,0xFF,0xFF,0xFF,0xFF,0x00,0x0E,0xD4,0x32,0x31,0x00,0x88,0x88,0x88,
   6          0x20,0x1C,0x01,0x03,0x80,0x0C,0x07,0x78,0x0A,0x0D,0xC9,0xA0,0x57,0x47,0x98,0x27,
   7          0x12,0x48,0x4C,0x00,0x00,0x00,0x01,0x01,0x01,0x01,0x01,0x01,0x01,0x01,0x01,0x01,
   8          0x01,0x01,0x01,0x01,0x01,0x01,0x02,0x3A,0x80,0x18,0x71,0x38,0x2D,0x40,0x58,0x2C,
   9          0x45,0x00,0x80,0x38,0x74,0x00,0x00,0x1E,0x00,0x00,0x00,0x00,0x00,0x00,0x00,0x00,
  10          0x00,0x00,0x00,0x00,0x00,0x00,0x00,0x00,0x00,0x00,0x00,0x00,0x00,0xFC,0x00,0x0A,
  11          0x20,0x20,0x20,0x20,0x20,0x20,0x20,0x20,0x20,0x20,0x20,0x20,0x00,0x00,0x00,0xFC,
  12          0x00,0x4C,0x6F,0x6E,0x74,0x69,0x75,0x6D,0x0A,0x20,0x20,0x20,0x20,0x20,0x01,0x39,
  13                  
  14          0x02,0x03,0x12,0xF1,0x23,0x09,0x07,0x07,0x83,0x01,0x00,0x00,0x65,0x03,0x0C,0x00,
  15          0x10,0x00,0x00,0x00,0x00,0x00,0x00,0x00,0x00,0x00,0x00,0x00,0x00,0x00,0x00,0x00,
  16          0x00,0x00,0x00,0x00,0x00,0x00,0x00,0x00,0x00,0x00,0x00,0x00,0x00,0x00,0x00,0x00,
  17          0x00,0x00,0x00,0x00,0x00,0x00,0x00,0x00,0x00,0x00,0x00,0x00,0x00,0x00,0x00,0x00,
  18          0x00,0x00,0x00,0x00,0x00,0x00,0x00,0x00,0x00,0x00,0x00,0x00,0x00,0x00,0x00,0x00,
  19          0x00,0x00,0x00,0x00,0x00,0x00,0x00,0x00,0x00,0x00,0x00,0x00,0x00,0x00,0x00,0x00,
  20          0x00,0x00,0x00,0x00,0x00,0x00,0x00,0x00,0x00,0x00,0x00,0x00,0x00,0x00,0x00,0x00,
  21          0x00,0x00,0x00,0x00,0x00,0x00,0x00,0x00,0x00,0x00,0x00,0x00,0x00,0x00,0x00,0xB6
  22                  */
  23                  0x00, 0xFF, 0xFF, 0xFF, 0xFF, 0xFF, 0xFF, 0x00, 0x09, 0x3A, 0x15, 0x00, 0x00, 0x00, 0x00, 0x00,
  24                  0x30, 0x1A, 0x01, 0x04, 0xA0, 0x22, 0x13, 0x78, 0xE6, 0x38, 0x25, 0xA4, 0x57, 0x53, 0x9E, 0x26,
  25                  0x10, 0x50, 0x54, 0x00, 0x00, 0x00, 0x01, 0x01, 0x01, 0x01, 0x01, 0x01, 0x01, 0x01, 0x01, 0x01,
  26                  0x01, 0x01, 0x01, 0x01, 0x01, 0x01, 0xB0, 0x1D, 0x56, 0xC2, 0x50, 0x00, 0x26, 0x30, 0x30, 0x20,
  27                  0x3A, 0x00, 0x58, 0xC1, 0x10, 0x00, 0x00, 0x18, 0x00, 0x00, 0x00, 0xFC, 0x00, 0x41, 0x55, 0x4F,
  28                  0x0A, 0x20, 0x20, 0x20, 0x20, 0x20, 0x20, 0x20, 0x20, 0x20, 0x00, 0x00, 0x00, 0xFE, 0x00, 0x47,
  29                  0x31, 0x35, 0x36, 0x58, 0x57, 0x30, 0x31, 0x2D, 0x56, 0x31, 0x0A, 0x20, 0x00, 0x00, 0x00, 0xFF,
  30                  0x00, 0x30, 0x30, 0x36, 0x31, 0x34, 0x33, 0x35, 0x31, 0x39, 0x30, 0x34, 0x30, 0x30, 0x00, 0x39,
  31          
  32                  0x02, 0x03, 0x12, 0xF1, 0x23, 0x09, 0x07, 0x07, 0x83, 0x01, 0x00, 0x00, 0x65, 0x03, 0x0C, 0x00,
  33                  0x10, 0x00, 0x00, 0x00, 0x00, 0x00, 0x00, 0x00, 0x00, 0x00, 0x00, 0x00, 0x00, 0x00, 0x00, 0x00,
  34                  0x00, 0x00, 0x00, 0x00, 0x00, 0x00, 0x00, 0x00, 0x00, 0x00, 0x00, 0x00, 0x00, 0x00, 0x00, 0x00,
  35                  0x00, 0x00, 0x00, 0x00, 0x00, 0x00, 0x00, 0x00, 0x00, 0x00, 0x00, 0x00, 0x00, 0x00, 0x00, 0x00,
  36                  0x00, 0x00, 0x00, 0x00, 0x00, 0x00, 0x00, 0x00, 0x00, 0x00, 0x00, 0x00, 0x00, 0x00, 0x00, 0x00,
  37                  0x00, 0x00, 0x00, 0x00, 0x00, 0x00, 0x00, 0x00, 0x00, 0x00, 0x00, 0x00, 0x00, 0x00, 0x00, 0x00,
  38                  0x00, 0x00, 0x00, 0x00, 0x00, 0x00, 0x00, 0x00, 0x00, 0x00, 0x00, 0x00, 0x00, 0x00, 0x00, 0x00,
  39                  0x00, 0x00, 0x00, 0x00, 0x00, 0x00, 0x00, 0x00, 0x00, 0x00, 0x00, 0x00, 0x00, 0x00, 0x00, 0xB6
  40           };
  41          
  42          
  43          void EDID_Dtb_Block_Calc(u8 *Pbuf)
  44          {
  45   1              u16 Hblanking,Vblanking;
  46   1      
  47   1              Hblanking = g_TimingStr.Hfp + g_TimingStr.Hsw + g_TimingStr.Hbp;
  48   1              Vblanking = g_TimingStr.Vfp + g_TimingStr.Vsw + g_TimingStr.Vbp;
  49   1      
  50   1              Pbuf[0]=(g_TimingStr.PixelClock/10)%256;//pix_clock low
  51   1              Pbuf[1]=(g_TimingStr.PixelClock/10)/256;//pix_clock high
  52   1              Pbuf[2]=g_TimingStr.Hactive%256;//hact low
  53   1              Pbuf[3]=Hblanking%256;//H blanking low
  54   1              Pbuf[4]=((g_TimingStr.Hactive/256)<<4)+Hblanking/256;//Hact : Hblank
C51 COMPILER V9.60.0.0   EDID                                                              11/26/2025 11:55:36 PAGE 2   

  55   1              Pbuf[5]=g_TimingStr.Vactive%256;//vact low
  56   1              Pbuf[6]=Vblanking%256;//V blanking low
  57   1              Pbuf[7]=((g_TimingStr.Vactive/256)<<4)+Vblanking/256;//Hact : Hblank
  58   1              Pbuf[8]=g_TimingStr.Hfp%256;//H sync offset low
  59   1              Pbuf[9]=g_TimingStr.Hsw%256;//H sync width low
  60   1              Pbuf[10]=((g_TimingStr.Vfp%16)<<4)+g_TimingStr.Vsw%16;
  61   1              Pbuf[11]=((g_TimingStr.Hfp/256)<<6)+((g_TimingStr.Hsw/256)<<4)+
  62   1                                               ((g_TimingStr.Vfp/16)<<2)+(g_TimingStr.Vsw/16);
  63   1              Pbuf[12] = g_TimingStr.Hactive%256;
  64   1              Pbuf[13] = g_TimingStr.Vactive%256;
  65   1              Pbuf[14] = ((g_TimingStr.Hactive/256)<<4)+g_TimingStr.Vactive/256;
  66   1              Pbuf[17]= (0x18|(g_TimingStr.Hspol << 1))|(g_TimingStr.Vspol << 2);//progress V+ H+ 
  67   1      }
  68          
  69          
  70          void EDID_CheckSum_Calc( u8 *pbuf)
  71          {
  72   1              u8 loopx , wr_chcsum ;
  73   1      
  74   1              wr_chcsum = 0;
  75   1              for(loopx = 0;loopx < 127;loopx ++)
  76   1              wr_chcsum += pbuf[loopx];
  77   1              wr_chcsum = 0xFF - wr_chcsum + 1;
  78   1              pbuf[0x7f] = wr_chcsum;
  79   1              
  80   1              wr_chcsum = 0;
  81   1              for(loopx = 0;loopx < 127;loopx ++)
  82   1              wr_chcsum += pbuf[loopx+128];
  83   1              wr_chcsum = 0xFF - wr_chcsum + 1;
  84   1              pbuf[0xff] = wr_chcsum;
  85   1      }
  86          #if 0
              void UpdateEdid(void)
              {
                      u16 i;
                      u8 Block0Checksum=0;
                      u8 Block1Checksum=0;
                      u8 Rflash[256]={0};
              
                      for(i=0;i<sizeof(Rflash);i++)
                      {
                              Rflash[i] = 0;          
                      }
                      #if 0   //just for test
                              WriteFlash(&Edid[0]);   
                              ReadFlash(&Rflash[0]);
                      #else
                              ReadFlash(&Rflash[0]);
                      #endif
              
              #if 1   
                      if((Rflash[0]==0x00)&&(Rflash[1]==0xFF)&&(Rflash[2]==0xFF)
                              &&(Rflash[3]==0xFF)&&(Rflash[4]==0xFF)&&(Rflash[5]==0xFF)
                              &&(Rflash[6]==0xFF)&&(Rflash[7]==0x00)&&(Rflash[128]==0x02)
                              &&(Rflash[129]==0x03))
                      {
                              Block0Checksum = Rflash[127];//Block0 Checksum
                              Block1Checksum = Rflash[255];//Block1 Checksum
                              
                              EDID_CheckSum_Calc(&Rflash[0]);//Calc Block0&1 Checksum
                      if((Block0Checksum!=Rflash[127])||(Block1Checksum!=Rflash[255]))
                      {       //default edid
C51 COMPILER V9.60.0.0   EDID                                                              11/26/2025 11:55:36 PAGE 3   

                              #if 0
                                      printf ("\r\n Flash EDID CheckSum_Calc is Fail");
                                      printf ("\r\n Load Default Edid******");
                              #endif
                              ;
                              
                      }
                      else
                      {       //Read from flash edid  
                              #if 0
                                      printf ("\r\n Flash EDID CheckSum_Calc is Right");
                              #endif
              
                              for(i=0;i<sizeof(Rflash);i++)
                              {
                                      Edid[i] = Rflash[i];            
                              }
                      }
                      }
              #endif  
              
              }
              #endif
 140          


MODULE INFORMATION:   STATIC OVERLAYABLE
   CODE SIZE        =    540    ----
   CONSTANT SIZE    =   ----    ----
   XDATA SIZE       =    256      10
   PDATA SIZE       =   ----    ----
   DATA SIZE        =   ----    ----
   IDATA SIZE       =   ----    ----
   BIT SIZE         =   ----    ----
END OF MODULE INFORMATION.


C51 COMPILATION COMPLETE.  0 WARNING(S),  0 ERROR(S)
