C51 COMPILER V9.60.0.0   LT1605_DCS                                                        11/26/2025 11:55:36 PAGE 1   


C51 COMPILER V9.60.0.0, COMPILATION OF MODULE LT1605_DCS
OBJECT MODULE PLACED IN .\Objects\lt1605_dcs.obj
COMPILER INVOKED BY: D:\DevTools\Keil_5\Keil_v5\C51\BIN\C51.EXE ..\User\lt1605_dcs.c LARGE OPTIMIZE(8,SPEED) BROWSE INCD
                    -IR(..\User) DEBUG OBJECTEXTEND PRINT(.\Listings\lt1605_dcs.lst) OBJECT(.\Objects\lt1605_dcs.obj)

line level    source

   1          
   2          
   3          #include "include.h"
   4          
   5          #define LPK_DI 0x39
   6          #define SPK_DI 0x15
   7          #define TBD_DI 0x05
   8          #define LPT_DI 0x15
   9          code u8 dcsrst[] = {0x05, 0x01, 0x00};
  10          //*************************************
  11          // Sleep-Out
  12          //*************************************
  13          code u8 Sleep_Out[] = {0x05, 0x11, 0x00};
  14          code u8 Sleep_IN[] = {0x05, 0x10, 0x00};
  15          // DELAY        120
  16          //  Display-On
  17          //*************************************
  18          code u8 Display_On[] = {0x05, 0x29, 0x00};
  19          code u8 Set_address_mode[] = {0x15, 0x36, 0x00};
  20          code u8 Set_pixel_format[] = {0x15, 0x3A, 0x00};
  21          #define CMDNUM (16)
  22          #define Bist 0
  23          // CMD1
  24          // 百富--DCS
  25          #if !Bist
  26          code u8 DCS_S0[] = {0x15, 0xE0, 0x00};
  27          
  28          code u8 DCS_S1[] = {0x15, 0xE1, 0x93};
  29          
  30          code u8 DCS_S2[] = {0x15, 0xE2, 0x65};
  31          
  32          code u8 DCS_S3[] = {0x15, 0xE3, 0xF8};
  33          
  34          code u8 DCS_S4[] = {0x15, 0x80, 0x03};
  35          
  36          code u8 DCS_S5[] = {0x15, 0xE0, 0x01};
  37          
  38          code u8 DCS_S6[] = {0x15, 0x03, 0x00}; /*  */
  39          
  40          code u8 DCS_S7[] = {0x15, 0x04, 0x30};
  41          
  42          code u8 DCS_S8[] = {0x15, 0x0C, 0x74};
  43          
  44          code u8 DCS_S9[] = {0x15, 0x17, 0x00};
  45          
  46          code u8 DCS_S10[] = {0x15, 0x18, 0xD7};
  47          
  48          code u8 DCS_S11[] = {0x15, 0x19, 0x01};
  49          
  50          code u8 DCS_S12[] = {0x15, 0x1A, 0x00};
  51          
  52          code u8 DCS_S13[] = {0x15, 0x1b, 0xD7};
  53          
  54          code u8 DCS_S14[] = {0x15, 0x1C, 0x01};
C51 COMPILER V9.60.0.0   LT1605_DCS                                                        11/26/2025 11:55:36 PAGE 2   

  55          
  56          code u8 DCS_S15[] = {0x15, 0x24, 0xFE};
  57          
  58          code u8 DCS_S16[] = {0x15, 0x37, 0x19};
  59          
  60          code u8 DCS_S17[] = {0x15, 0x35, 0x28};
  61          
  62          code u8 DCS_S18[] = {0x15, 0x38, 0x05};
  63          
  64          code u8 DCS_S19[] = {0x15, 0x39, 0x08};
  65          
  66          code u8 DCS_S20[] = {0x15, 0x3A, 0x12};
  67          
  68          code u8 DCS_S21[] = {0x15, 0x3C, 0x7E};
  69          
  70          code u8 DCS_S22[] = {0x15, 0x3D, 0xFF};
  71          
  72          code u8 DCS_S23[] = {0x15, 0x3E, 0xFF};
  73          
  74          code u8 DCS_S24[] = {0x15, 0x3F, 0x7F};
  75          
  76          code u8 DCS_S25[] = {0x15, 0x40, 0x06};
  77          
  78          code u8 DCS_S26[] = {0x15, 0x41, 0xA0};
  79          
  80          code u8 DCS_S27[] = {0x15, 0x43, 0x1E};
  81          
  82          code u8 DCS_S28[] = {0x15, 0x44, 0x0B};
  83          
  84          code u8 DCS_S29[] = {0x15, 0x55, 0x02};
  85          
  86          code u8 DCS_S30[] = {0x15, 0x57, 0x6A};
  87          
  88          code u8 DCS_S31[] = {0x15, 0x59, 0x0A};
  89          
  90          code u8 DCS_S32[] = {0x15, 0x5A, 0x2E};
  91          
  92          code u8 DCS_S33[] = {0x15, 0x5B, 0x1A};
  93          
  94          code u8 DCS_S34[] = {0x15, 0x5C, 0x15};
  95          
  96          code u8 DCS_S35[] = {0x15, 0x5D, 0x7F};
  97          
  98          code u8 DCS_S36[] = {0x15, 0x5E, 0x56};
  99          
 100          code u8 DCS_S37[] = {0x15, 0x5F, 0x45};
 101          
 102          code u8 DCS_S38[] = {0x15, 0x60, 0x37};
 103          
 104          code u8 DCS_S39[] = {0x15, 0x61, 0x34};
 105          
 106          code u8 DCS_S40[] = {0x15, 0x62, 0x27};
 107          
 108          code u8 DCS_S41[] = {0x15, 0x63, 0x2B};
 109          
 110          code u8 DCS_S42[] = {0x15, 0x64, 0x16};
 111          
 112          code u8 DCS_S43[] = {0x15, 0x65, 0x30};
 113          
 114          code u8 DCS_S44[] = {0x15, 0x66, 0x2F};
 115          
 116          code u8 DCS_S45[] = {0x15, 0x67, 0x2F};
C51 COMPILER V9.60.0.0   LT1605_DCS                                                        11/26/2025 11:55:36 PAGE 3   

 117          
 118          code u8 DCS_S46[] = {0x15, 0x68, 0x4E};
 119          
 120          code u8 DCS_S47[] = {0x15, 0x69, 0x3D};
 121          
 122          code u8 DCS_S48[] = {0x15, 0x6A, 0x45};
 123          
 124          code u8 DCS_S49[] = {0x15, 0x6B, 0x36};
 125          
 126          code u8 DCS_S50[] = {0x15, 0x6C, 0x32};
 127          
 128          code u8 DCS_S51[] = {0x15, 0x6D, 0x24};
 129          
 130          code u8 DCS_S52[] = {0x15, 0x6E, 0x13};
 131          
 132          code u8 DCS_S53[] = {0x15, 0x6F, 0x02};
 133          
 134          code u8 DCS_S54[] = {0x15, 0x70, 0x7F};
 135          
 136          code u8 DCS_S55[] = {0x15, 0x71, 0x56};
 137          
 138          code u8 DCS_S56[] = {0x15, 0x72, 0x45};
 139          
 140          code u8 DCS_S57[] = {0x15, 0x73, 0x37};
 141          
 142          code u8 DCS_S58[] = {0x15, 0x74, 0x34};
 143          
 144          code u8 DCS_S59[] = {0x15, 0x75, 0x27};
 145          
 146          code u8 DCS_S60[] = {0x15, 0x76, 0x2B};
 147          
 148          code u8 DCS_S61[] = {0x15, 0x77, 0x16};
 149          
 150          code u8 DCS_S62[] = {0x15, 0x78, 0x30};
 151          
 152          code u8 DCS_S63[] = {0x15, 0x79, 0x2F};
 153          
 154          code u8 DCS_S64[] = {0x15, 0x7A, 0x2F};
 155          
 156          code u8 DCS_S65[] = {0x15, 0x7B, 0x4E};
 157          
 158          code u8 DCS_S66[] = {0x15, 0x7C, 0x3D};
 159          
 160          code u8 DCS_S67[] = {0x15, 0x7D, 0x45};
 161          
 162          code u8 DCS_S68[] = {0x15, 0x7E, 0x36};
 163          
 164          code u8 DCS_S69[] = {0x15, 0x7F, 0x32};
 165          
 166          code u8 DCS_S70[] = {0x15, 0x80, 0x24};
 167          
 168          code u8 DCS_S71[] = {0x15, 0x81, 0x13};
 169          
 170          code u8 DCS_S72[] = {0x15, 0x82, 0x02};
 171          
 172          code u8 DCS_S73[] = {0x15, 0xE0, 0x02};
 173          
 174          code u8 DCS_S74[] = {0x15, 0x00, 0x52};
 175          
 176          code u8 DCS_S75[] = {0x15, 0x01, 0x5F};
 177          
 178          code u8 DCS_S76[] = {0x15, 0x02, 0x5F};
C51 COMPILER V9.60.0.0   LT1605_DCS                                                        11/26/2025 11:55:36 PAGE 4   

 179          
 180          code u8 DCS_S77[] = {0x15, 0x03, 0x50};
 181          
 182          code u8 DCS_S78[] = {0x15, 0x04, 0x77};
 183          
 184          code u8 DCS_S79[] = {0x15, 0x05, 0x57};
 185          
 186          code u8 DCS_S80[] = {0x15, 0x06, 0x5F};
 187          
 188          code u8 DCS_S81[] = {0x15, 0x07, 0x4E};
 189          
 190          code u8 DCS_S82[] = {0x15, 0x08, 0x4C};
 191          
 192          code u8 DCS_S83[] = {0x15, 0x09, 0x5F};
 193          
 194          code u8 DCS_S84[] = {0x15, 0x0A, 0x4A};
 195          
 196          code u8 DCS_S85[] = {0x15, 0x0B, 0x48};
 197          
 198          code u8 DCS_S86[] = {0x15, 0x0C, 0x5F};
 199          
 200          code u8 DCS_S87[] = {0x15, 0x0D, 0x46};
 201          
 202          code u8 DCS_S88[] = {0x15, 0x0E, 0x44};
 203          
 204          code u8 DCS_S89[] = {0x15, 0x0F, 0x40};
 205          
 206          code u8 DCS_S90[] = {0x15, 0x10, 0x5F};
 207          
 208          code u8 DCS_S91[] = {0x15, 0x11, 0x5F};
 209          
 210          code u8 DCS_S92[] = {0x15, 0x12, 0x5F};
 211          
 212          code u8 DCS_S93[] = {0x15, 0x13, 0x5F};
 213          
 214          code u8 DCS_S94[] = {0x15, 0x14, 0x5F};
 215          
 216          code u8 DCS_S95[] = {0x15, 0x15, 0x5F};
 217          
 218          code u8 DCS_S96[] = {0x15, 0x16, 0x53};
 219          
 220          code u8 DCS_S97[] = {0x15, 0x17, 0x5F};
 221          
 222          code u8 DCS_S98[] = {0x15, 0x18, 0x5F};
 223          
 224          code u8 DCS_S99[] = {0x15, 0x19, 0x51};
 225          
 226          code u8 DCS_S100[] = {0x15, 0x1A, 0x77};
 227          
 228          code u8 DCS_S101[] = {0x15, 0x1B, 0x57};
 229          
 230          code u8 DCS_S102[] = {0x15, 0x1C, 0x5F};
 231          
 232          code u8 DCS_S103[] = {0x15, 0x1D, 0x4F};
 233          
 234          code u8 DCS_S104[] = {0x15, 0x1E, 0x4D};
 235          
 236          code u8 DCS_S105[] = {0x15, 0x1F, 0x5F};
 237          
 238          code u8 DCS_S106[] = {0x15, 0x20, 0x4B};
 239          
 240          code u8 DCS_S107[] = {0x15, 0x21, 0x49};
C51 COMPILER V9.60.0.0   LT1605_DCS                                                        11/26/2025 11:55:36 PAGE 5   

 241          
 242          code u8 DCS_S108[] = {0x15, 0x22, 0x5F};
 243          
 244          code u8 DCS_S109[] = {0x15, 0x23, 0x47};
 245          
 246          code u8 DCS_S110[] = {0x15, 0x24, 0x45};
 247          
 248          code u8 DCS_S111[] = {0x15, 0x25, 0x41};
 249          
 250          code u8 DCS_S112[] = {0x15, 0x26, 0x5F};
 251          
 252          code u8 DCS_S113[] = {0x15, 0x27, 0x5F};
 253          
 254          code u8 DCS_S114[] = {0x15, 0x28, 0x5F};
 255          
 256          code u8 DCS_S115[] = {0x15, 0x29, 0x5F};
 257          
 258          code u8 DCS_S116[] = {0x15, 0x2A, 0x5F};
 259          
 260          code u8 DCS_S117[] = {0x15, 0x2B, 0x5F};
 261          
 262          code u8 DCS_S118[] = {0x15, 0x2C, 0x13};
 263          
 264          code u8 DCS_S119[] = {0x15, 0x2D, 0x1F};
 265          
 266          code u8 DCS_S120[] = {0x15, 0x2E, 0x1F};
 267          
 268          code u8 DCS_S121[] = {0x15, 0x2F, 0x01};
 269          
 270          code u8 DCS_S122[] = {0x15, 0x30, 0x17};
 271          
 272          code u8 DCS_S123[] = {0x15, 0x31, 0x17};
 273          
 274          code u8 DCS_S124[] = {0x15, 0x32, 0x1F};
 275          
 276          code u8 DCS_S125[] = {0x15, 0x33, 0x0D};
 277          
 278          code u8 DCS_S126[] = {0x15, 0x34, 0x0F};
 279          
 280          code u8 DCS_S127[] = {0x15, 0x35, 0x1F};
 281          
 282          code u8 DCS_S128[] = {0x15, 0x36, 0x05};
 283          
 284          code u8 DCS_S129[] = {0x15, 0x37, 0x07};
 285          
 286          code u8 DCS_S130[] = {0x15, 0x38, 0x1F};
 287          
 288          code u8 DCS_S131[] = {0x15, 0x39, 0x09};
 289          
 290          code u8 DCS_S132[] = {0x15, 0x3A, 0x0B};
 291          
 292          code u8 DCS_S133[] = {0x15, 0x3B, 0x11};
 293          
 294          code u8 DCS_S134[] = {0x15, 0x3C, 0x1F};
 295          
 296          code u8 DCS_S135[] = {0x15, 0x3D, 0x1F};
 297          
 298          code u8 DCS_S136[] = {0x15, 0x3E, 0x1F};
 299          
 300          code u8 DCS_S137[] = {0x15, 0x3F, 0x1F};
 301          
 302          code u8 DCS_S138[] = {0x15, 0x40, 0x1F};
C51 COMPILER V9.60.0.0   LT1605_DCS                                                        11/26/2025 11:55:36 PAGE 6   

 303          
 304          code u8 DCS_S139[] = {0x15, 0x41, 0x1F};
 305          
 306          code u8 DCS_S140[] = {0x15, 0x42, 0x12};
 307          
 308          code u8 DCS_S141[] = {0x15, 0x43, 0x1F};
 309          
 310          code u8 DCS_S142[] = {0x15, 0x44, 0x1F};
 311          
 312          code u8 DCS_S143[] = {0x15, 0x45, 0x00};
 313          
 314          code u8 DCS_S144[] = {0x15, 0x46, 0x17};
 315          
 316          code u8 DCS_S145[] = {0x15, 0x47, 0x17};
 317          
 318          code u8 DCS_S146[] = {0x15, 0x48, 0x1F};
 319          
 320          code u8 DCS_S147[] = {0x15, 0x49, 0x0C};
 321          
 322          code u8 DCS_S148[] = {0x15, 0x4A, 0x0E};
 323          
 324          code u8 DCS_S149[] = {0x15, 0x4B, 0x1F};
 325          
 326          code u8 DCS_S150[] = {0x15, 0x4C, 0x04};
 327          
 328          code u8 DCS_S151[] = {0x15, 0x4D, 0x06};
 329          
 330          code u8 DCS_S152[] = {0x15, 0x4E, 0x1F};
 331          
 332          code u8 DCS_S153[] = {0x15, 0x4F, 0x08};
 333          
 334          code u8 DCS_S154[] = {0x15, 0x50, 0x0A};
 335          
 336          code u8 DCS_S155[] = {0x15, 0x51, 0x10};
 337          
 338          code u8 DCS_S156[] = {0x15, 0x52, 0x1F};
 339          
 340          code u8 DCS_S157[] = {0x15, 0x53, 0x1F};
 341          
 342          code u8 DCS_S158[] = {0x15, 0x54, 0x1F};
 343          
 344          code u8 DCS_S159[] = {0x15, 0x55, 0x1F};
 345          
 346          code u8 DCS_S160[] = {0x15, 0x56, 0x1F};
 347          
 348          code u8 DCS_S161[] = {0x15, 0x57, 0x1F};
 349          
 350          code u8 DCS_S162[] = {0x15, 0x58, 0x40};
 351          
 352          code u8 DCS_S163[] = {0x15, 0x5B, 0x10};
 353          
 354          code u8 DCS_S164[] = {0x15, 0x5C, 0x06};
 355          
 356          code u8 DCS_S165[] = {0x15, 0x5D, 0x40};
 357          
 358          code u8 DCS_S166[] = {0x15, 0x5E, 0x00};
 359          
 360          code u8 DCS_S167[] = {0x15, 0x5F, 0x00};
 361          
 362          code u8 DCS_S168[] = {0x15, 0x60, 0x40};
 363          
 364          code u8 DCS_S169[] = {0x15, 0x61, 0x03};
C51 COMPILER V9.60.0.0   LT1605_DCS                                                        11/26/2025 11:55:36 PAGE 7   

 365          
 366          code u8 DCS_S170[] = {0x15, 0x62, 0x04};
 367          
 368          code u8 DCS_S171[] = {0x15, 0x63, 0x6C};
 369          
 370          code u8 DCS_S172[] = {0x15, 0x64, 0x6C};
 371          
 372          code u8 DCS_S173[] = {0x15, 0x65, 0x75};
 373          
 374          code u8 DCS_S174[] = {0x15, 0x66, 0x08};
 375          
 376          code u8 DCS_S175[] = {0x15, 0x67, 0xB4};
 377          
 378          code u8 DCS_S176[] = {0x15, 0x68, 0x08};
 379          
 380          code u8 DCS_S177[] = {0x15, 0x69, 0x6C};
 381          
 382          code u8 DCS_S178[] = {0x15, 0x6A, 0x6C};
 383          
 384          code u8 DCS_S179[] = {0x15, 0x6B, 0x0C};
 385          
 386          code u8 DCS_S180[] = {0x15, 0x6D, 0x00};
 387          
 388          code u8 DCS_S181[] = {0x15, 0x6E, 0x00};
 389          
 390          code u8 DCS_S182[] = {0x15, 0x6F, 0x88};
 391          
 392          code u8 DCS_S183[] = {0x15, 0x75, 0xBB};
 393          
 394          code u8 DCS_S184[] = {0x15, 0x76, 0x00};
 395          
 396          code u8 DCS_S185[] = {0x15, 0x77, 0x05};
 397          
 398          code u8 DCS_S186[] = {0x15, 0x78, 0x2A};
 399          
 400          code u8 DCS_S187[] = {0x15, 0xE0, 0x04};
 401          
 402          code u8 DCS_S188[] = {0x15, 0x00, 0x0E};
 403          
 404          code u8 DCS_S189[] = {0x15, 0x02, 0xB3};
 405          
 406          code u8 DCS_S190[] = {0x15, 0x09, 0x61};
 407          
 408          code u8 DCS_S191[] = {0x15, 0x0E, 0x48};
 409          
 410          code u8 DCS_S192[] = {0x15, 0xE0, 0x00};
 411          
 412          code u8 DCS_S193[] = {0x15, 0x35, 0x00};
 413          
 414          code u8 DCS_S194[] = {0x15, 0xE0, 0x00};
 415          
 416          #else
              // BIST
              
              #endif
 420          // 百富 DCS-end
 421          
 422          void DcsPktWrite(u8 DCS_DI, u8 Len, u8 *Ptr)
 423          {
 424   1              u8 i = 0;
 425   1              chip_write_i2c(0xC21C, 0x40); // Write enable;
 426   1              if (Len == 2)
C51 COMPILER V9.60.0.0   LT1605_DCS                                                        11/26/2025 11:55:36 PAGE 8   

 427   1              {
 428   2                      chip_write_i2c(0xC218, 0x0C); // Hardware calculate ecc and crc&LP mode send pkt enable&Short pkt
 429   2                      chip_write_i2c(0xC219, 0x04);
 430   2                      chip_write_i2c(0xC234, DCS_DI);
 431   2                      chip_write_i2c(0xC234, *Ptr);
 432   2                      chip_write_i2c(0xC234, *(Ptr + 1));
 433   2              }
 434   1              else
 435   1              {
 436   2                      chip_write_i2c(0xC218, 0x0E);
 437   2                      chip_write_i2c(0xC219, Len + 6);
 438   2                      chip_write_i2c(0xC234, DCS_DI);
 439   2                      chip_write_i2c(0xC234, Len);
 440   2                      chip_write_i2c(0xC234, 0x00);
 441   2                      for (i = 0; i < Len; i++)
 442   2                      {
 443   3                              chip_write_i2c(0xC234, *Ptr);
 444   3                              Ptr++;
 445   3                      }
 446   2              }
 447   1              DelayMs(1);
 448   1              chip_write_i2c(0xC218, 0x00);
 449   1      }
 450          
 451          void SSD_4P(u8 data1, u8 data2, u8 data3, u8 data4)
 452          {
 453   1              u8 i = 0;
 454   1              chip_write_i2c(0xC21C, 0x40); // Write enable;
 455   1      
 456   1              chip_write_i2c(0xC218, 0x0E);
 457   1              chip_write_i2c(0xC219, 4 + 6);
 458   1              chip_write_i2c(0xC234, 0x39);
 459   1              chip_write_i2c(0xC234, 4);
 460   1              chip_write_i2c(0xC234, 0x00);
 461   1      
 462   1              chip_write_i2c(0xC234, data1);
 463   1              chip_write_i2c(0xC234, data2);
 464   1              chip_write_i2c(0xC234, data3);
 465   1              chip_write_i2c(0xC234, data4);
 466   1      
 467   1              DelayMs(1);
 468   1              chip_write_i2c(0xC218, 0x00);
 469   1      }
 470          
 471          void SSD_Single(u8 data0, u8 data1)
 472          {
 473   1              chip_write_i2c(0xC21C, 0x40);
 474   1              chip_write_i2c(0xC218, 0x0C); // Hardware calculate ecc and crc&LP mode send pkt enable&Short pkt
 475   1              chip_write_i2c(0xC219, 0x04);
 476   1              chip_write_i2c(0xC234, 0x15);
 477   1              chip_write_i2c(0xC234, data0);
 478   1              chip_write_i2c(0xC234, data1);
 479   1              DelayMs(1);
 480   1              chip_write_i2c(0xC218, 0x00);
 481   1              DelayMs(10);
 482   1      }
 483          
 484          void SSD_0P(u8 data0)
 485          {
 486   1              chip_write_i2c(0xC21C, 0x40);
 487   1              chip_write_i2c(0xC218, 0x0C); // Hardware calculate ecc and crc&LP mode send pkt enable&Short pkt
 488   1              chip_write_i2c(0xC219, 0x04);
C51 COMPILER V9.60.0.0   LT1605_DCS                                                        11/26/2025 11:55:36 PAGE 9   

 489   1              chip_write_i2c(0xC234, 0x05);
 490   1              chip_write_i2c(0xC234, data0);
 491   1              chip_write_i2c(0xC234, 0x00);
 492   1              DelayMs(1);
 493   1              chip_write_i2c(0xC218, 0x00);
 494   1              DelayMs(10);
 495   1      }
 496          
 497          void InitPanel(void)
 498          {
 499   1      
 500   1      #if !Bist
 501   1              DcsPktWrite(DCS_S0[0], (sizeof(DCS_S0) - 1), &DCS_S0[1]);
 502   1              DcsPktWrite(DCS_S1[0], (sizeof(DCS_S1) - 1), &DCS_S1[1]);
 503   1              DcsPktWrite(DCS_S2[0], (sizeof(DCS_S2) - 1), &DCS_S2[1]);
 504   1              DcsPktWrite(DCS_S3[0], (sizeof(DCS_S3) - 1), &DCS_S3[1]);
 505   1              DcsPktWrite(DCS_S4[0], (sizeof(DCS_S4) - 1), &DCS_S4[1]);
 506   1              DcsPktWrite(DCS_S5[0], (sizeof(DCS_S5) - 1), &DCS_S5[1]);
 507   1              DcsPktWrite(DCS_S6[0], (sizeof(DCS_S6) - 1), &DCS_S6[1]);
 508   1              DcsPktWrite(DCS_S7[0], (sizeof(DCS_S7) - 1), &DCS_S7[1]);
 509   1              DcsPktWrite(DCS_S8[0], (sizeof(DCS_S8) - 1), &DCS_S8[1]);
 510   1              DcsPktWrite(DCS_S9[0], (sizeof(DCS_S9) - 1), &DCS_S9[1]);
 511   1              DcsPktWrite(DCS_S10[0], (sizeof(DCS_S10) - 1), &DCS_S10[1]);
 512   1              DcsPktWrite(DCS_S11[0], (sizeof(DCS_S11) - 1), &DCS_S11[1]);
 513   1              DcsPktWrite(DCS_S12[0], (sizeof(DCS_S12) - 1), &DCS_S12[1]);
 514   1              DcsPktWrite(DCS_S13[0], (sizeof(DCS_S13) - 1), &DCS_S13[1]);
 515   1              DcsPktWrite(DCS_S14[0], (sizeof(DCS_S14) - 1), &DCS_S14[1]);
 516   1              DcsPktWrite(DCS_S15[0], (sizeof(DCS_S15) - 1), &DCS_S15[1]);
 517   1              DcsPktWrite(DCS_S16[0], (sizeof(DCS_S16) - 1), &DCS_S16[1]);
 518   1              DcsPktWrite(DCS_S17[0], (sizeof(DCS_S17) - 1), &DCS_S17[1]);
 519   1              DcsPktWrite(DCS_S18[0], (sizeof(DCS_S18) - 1), &DCS_S18[1]);
 520   1              DcsPktWrite(DCS_S19[0], (sizeof(DCS_S19) - 1), &DCS_S19[1]);
 521   1              DcsPktWrite(DCS_S20[0], (sizeof(DCS_S20) - 1), &DCS_S20[1]);
 522   1              DcsPktWrite(DCS_S21[0], (sizeof(DCS_S21) - 1), &DCS_S21[1]);
 523   1              DcsPktWrite(DCS_S22[0], (sizeof(DCS_S22) - 1), &DCS_S22[1]);
 524   1              DcsPktWrite(DCS_S23[0], (sizeof(DCS_S23) - 1), &DCS_S23[1]);
 525   1              DcsPktWrite(DCS_S24[0], (sizeof(DCS_S24) - 1), &DCS_S24[1]);
 526   1              DcsPktWrite(DCS_S25[0], (sizeof(DCS_S25) - 1), &DCS_S25[1]);
 527   1              DcsPktWrite(DCS_S26[0], (sizeof(DCS_S26) - 1), &DCS_S26[1]);
 528   1              DcsPktWrite(DCS_S27[0], (sizeof(DCS_S27) - 1), &DCS_S27[1]);
 529   1              DcsPktWrite(DCS_S28[0], (sizeof(DCS_S28) - 1), &DCS_S28[1]);
 530   1              DcsPktWrite(DCS_S29[0], (sizeof(DCS_S29) - 1), &DCS_S29[1]);
 531   1              DcsPktWrite(DCS_S30[0], (sizeof(DCS_S30) - 1), &DCS_S30[1]);
 532   1              DcsPktWrite(DCS_S31[0], (sizeof(DCS_S31) - 1), &DCS_S31[1]);
 533   1              DcsPktWrite(DCS_S32[0], (sizeof(DCS_S32) - 1), &DCS_S32[1]);
 534   1              DcsPktWrite(DCS_S33[0], (sizeof(DCS_S33) - 1), &DCS_S33[1]);
 535   1              DcsPktWrite(DCS_S34[0], (sizeof(DCS_S34) - 1), &DCS_S34[1]);
 536   1              DcsPktWrite(DCS_S35[0], (sizeof(DCS_S35) - 1), &DCS_S35[1]);
 537   1              DcsPktWrite(DCS_S36[0], (sizeof(DCS_S36) - 1), &DCS_S36[1]);
 538   1              DcsPktWrite(DCS_S37[0], (sizeof(DCS_S37) - 1), &DCS_S37[1]);
 539   1              DcsPktWrite(DCS_S38[0], (sizeof(DCS_S38) - 1), &DCS_S38[1]);
 540   1              DcsPktWrite(DCS_S39[0], (sizeof(DCS_S39) - 1), &DCS_S39[1]);
 541   1              DcsPktWrite(DCS_S40[0], (sizeof(DCS_S40) - 1), &DCS_S40[1]);
 542   1              DcsPktWrite(DCS_S41[0], (sizeof(DCS_S41) - 1), &DCS_S41[1]);
 543   1              DcsPktWrite(DCS_S42[0], (sizeof(DCS_S42) - 1), &DCS_S42[1]);
 544   1              DcsPktWrite(DCS_S43[0], (sizeof(DCS_S43) - 1), &DCS_S43[1]);
 545   1              DcsPktWrite(DCS_S44[0], (sizeof(DCS_S44) - 1), &DCS_S44[1]);
 546   1              DcsPktWrite(DCS_S45[0], (sizeof(DCS_S45) - 1), &DCS_S45[1]);
 547   1              DcsPktWrite(DCS_S46[0], (sizeof(DCS_S46) - 1), &DCS_S46[1]);
 548   1              DcsPktWrite(DCS_S47[0], (sizeof(DCS_S47) - 1), &DCS_S47[1]);
 549   1              DcsPktWrite(DCS_S48[0], (sizeof(DCS_S48) - 1), &DCS_S48[1]);
 550   1              DcsPktWrite(DCS_S49[0], (sizeof(DCS_S49) - 1), &DCS_S49[1]);
C51 COMPILER V9.60.0.0   LT1605_DCS                                                        11/26/2025 11:55:36 PAGE 10  

 551   1              DcsPktWrite(DCS_S50[0], (sizeof(DCS_S50) - 1), &DCS_S50[1]);
 552   1              DcsPktWrite(DCS_S51[0], (sizeof(DCS_S51) - 1), &DCS_S51[1]);
 553   1              DcsPktWrite(DCS_S52[0], (sizeof(DCS_S52) - 1), &DCS_S52[1]);
 554   1              DcsPktWrite(DCS_S53[0], (sizeof(DCS_S53) - 1), &DCS_S53[1]);
 555   1              DcsPktWrite(DCS_S54[0], (sizeof(DCS_S54) - 1), &DCS_S54[1]);
 556   1              DcsPktWrite(DCS_S55[0], (sizeof(DCS_S55) - 1), &DCS_S55[1]);
 557   1              DcsPktWrite(DCS_S56[0], (sizeof(DCS_S56) - 1), &DCS_S56[1]);
 558   1              DcsPktWrite(DCS_S57[0], (sizeof(DCS_S57) - 1), &DCS_S57[1]);
 559   1              DcsPktWrite(DCS_S58[0], (sizeof(DCS_S58) - 1), &DCS_S58[1]);
 560   1              DcsPktWrite(DCS_S59[0], (sizeof(DCS_S59) - 1), &DCS_S59[1]);
 561   1              DcsPktWrite(DCS_S60[0], (sizeof(DCS_S60) - 1), &DCS_S60[1]);
 562   1              DcsPktWrite(DCS_S61[0], (sizeof(DCS_S61) - 1), &DCS_S61[1]);
 563   1              DcsPktWrite(DCS_S62[0], (sizeof(DCS_S62) - 1), &DCS_S62[1]);
 564   1              DcsPktWrite(DCS_S63[0], (sizeof(DCS_S63) - 1), &DCS_S63[1]);
 565   1              DcsPktWrite(DCS_S64[0], (sizeof(DCS_S64) - 1), &DCS_S64[1]);
 566   1              DcsPktWrite(DCS_S65[0], (sizeof(DCS_S65) - 1), &DCS_S65[1]);
 567   1              DcsPktWrite(DCS_S66[0], (sizeof(DCS_S66) - 1), &DCS_S66[1]);
 568   1              DcsPktWrite(DCS_S67[0], (sizeof(DCS_S67) - 1), &DCS_S67[1]);
 569   1              DcsPktWrite(DCS_S68[0], (sizeof(DCS_S68) - 1), &DCS_S68[1]);
 570   1              DcsPktWrite(DCS_S69[0], (sizeof(DCS_S69) - 1), &DCS_S69[1]);
 571   1              DcsPktWrite(DCS_S70[0], (sizeof(DCS_S70) - 1), &DCS_S70[1]);
 572   1              DcsPktWrite(DCS_S71[0], (sizeof(DCS_S71) - 1), &DCS_S71[1]);
 573   1              DcsPktWrite(DCS_S72[0], (sizeof(DCS_S72) - 1), &DCS_S72[1]);
 574   1              DcsPktWrite(DCS_S73[0], (sizeof(DCS_S73) - 1), &DCS_S73[1]);
 575   1              DcsPktWrite(DCS_S74[0], (sizeof(DCS_S74) - 1), &DCS_S74[1]);
 576   1              DcsPktWrite(DCS_S75[0], (sizeof(DCS_S75) - 1), &DCS_S75[1]);
 577   1              DcsPktWrite(DCS_S76[0], (sizeof(DCS_S76) - 1), &DCS_S76[1]);
 578   1              DcsPktWrite(DCS_S77[0], (sizeof(DCS_S77) - 1), &DCS_S77[1]);
 579   1              DcsPktWrite(DCS_S78[0], (sizeof(DCS_S78) - 1), &DCS_S78[1]);
 580   1              DcsPktWrite(DCS_S79[0], (sizeof(DCS_S79) - 1), &DCS_S79[1]);
 581   1              DcsPktWrite(DCS_S80[0], (sizeof(DCS_S80) - 1), &DCS_S80[1]);
 582   1              DcsPktWrite(DCS_S81[0], (sizeof(DCS_S81) - 1), &DCS_S81[1]);
 583   1              DcsPktWrite(DCS_S82[0], (sizeof(DCS_S82) - 1), &DCS_S82[1]);
 584   1              DcsPktWrite(DCS_S83[0], (sizeof(DCS_S83) - 1), &DCS_S83[1]);
 585   1              DcsPktWrite(DCS_S84[0], (sizeof(DCS_S84) - 1), &DCS_S84[1]);
 586   1              DcsPktWrite(DCS_S85[0], (sizeof(DCS_S85) - 1), &DCS_S85[1]);
 587   1              DcsPktWrite(DCS_S86[0], (sizeof(DCS_S86) - 1), &DCS_S86[1]);
 588   1              DcsPktWrite(DCS_S87[0], (sizeof(DCS_S87) - 1), &DCS_S87[1]);
 589   1              DcsPktWrite(DCS_S88[0], (sizeof(DCS_S88) - 1), &DCS_S88[1]);
 590   1              DcsPktWrite(DCS_S89[0], (sizeof(DCS_S89) - 1), &DCS_S89[1]);
 591   1              DcsPktWrite(DCS_S90[0], (sizeof(DCS_S90) - 1), &DCS_S90[1]);
 592   1              DcsPktWrite(DCS_S91[0], (sizeof(DCS_S91) - 1), &DCS_S91[1]);
 593   1              DcsPktWrite(DCS_S92[0], (sizeof(DCS_S92) - 1), &DCS_S92[1]);
 594   1              DcsPktWrite(DCS_S93[0], (sizeof(DCS_S93) - 1), &DCS_S93[1]);
 595   1              DcsPktWrite(DCS_S94[0], (sizeof(DCS_S94) - 1), &DCS_S94[1]);
 596   1              DcsPktWrite(DCS_S95[0], (sizeof(DCS_S95) - 1), &DCS_S95[1]);
 597   1              DcsPktWrite(DCS_S96[0], (sizeof(DCS_S96) - 1), &DCS_S96[1]);
 598   1              DcsPktWrite(DCS_S97[0], (sizeof(DCS_S97) - 1), &DCS_S97[1]);
 599   1              DcsPktWrite(DCS_S98[0], (sizeof(DCS_S98) - 1), &DCS_S98[1]);
 600   1              DcsPktWrite(DCS_S99[0], (sizeof(DCS_S99) - 1), &DCS_S99[1]);
 601   1              DcsPktWrite(DCS_S100[0], (sizeof(DCS_S100) - 1), &DCS_S100[1]);
 602   1              DcsPktWrite(DCS_S101[0], (sizeof(DCS_S101) - 1), &DCS_S101[1]);
 603   1              DcsPktWrite(DCS_S102[0], (sizeof(DCS_S102) - 1), &DCS_S102[1]);
 604   1              DcsPktWrite(DCS_S103[0], (sizeof(DCS_S103) - 1), &DCS_S103[1]);
 605   1              DcsPktWrite(DCS_S104[0], (sizeof(DCS_S104) - 1), &DCS_S104[1]);
 606   1              DcsPktWrite(DCS_S105[0], (sizeof(DCS_S105) - 1), &DCS_S105[1]);
 607   1              DcsPktWrite(DCS_S106[0], (sizeof(DCS_S106) - 1), &DCS_S106[1]);
 608   1              DcsPktWrite(DCS_S107[0], (sizeof(DCS_S107) - 1), &DCS_S107[1]);
 609   1              DcsPktWrite(DCS_S108[0], (sizeof(DCS_S108) - 1), &DCS_S108[1]);
 610   1              DcsPktWrite(DCS_S109[0], (sizeof(DCS_S109) - 1), &DCS_S109[1]);
 611   1              DcsPktWrite(DCS_S110[0], (sizeof(DCS_S110) - 1), &DCS_S110[1]);
 612   1              DcsPktWrite(DCS_S111[0], (sizeof(DCS_S111) - 1), &DCS_S111[1]);
C51 COMPILER V9.60.0.0   LT1605_DCS                                                        11/26/2025 11:55:36 PAGE 11  

 613   1              DcsPktWrite(DCS_S112[0], (sizeof(DCS_S112) - 1), &DCS_S112[1]);
 614   1              DcsPktWrite(DCS_S113[0], (sizeof(DCS_S113) - 1), &DCS_S113[1]);
 615   1              DcsPktWrite(DCS_S114[0], (sizeof(DCS_S114) - 1), &DCS_S114[1]);
 616   1              DcsPktWrite(DCS_S115[0], (sizeof(DCS_S115) - 1), &DCS_S115[1]);
 617   1              DcsPktWrite(DCS_S116[0], (sizeof(DCS_S116) - 1), &DCS_S116[1]);
 618   1              DcsPktWrite(DCS_S117[0], (sizeof(DCS_S117) - 1), &DCS_S117[1]);
 619   1              DcsPktWrite(DCS_S118[0], (sizeof(DCS_S118) - 1), &DCS_S118[1]);
 620   1              DcsPktWrite(DCS_S119[0], (sizeof(DCS_S119) - 1), &DCS_S119[1]);
 621   1              DcsPktWrite(DCS_S120[0], (sizeof(DCS_S120) - 1), &DCS_S120[1]);
 622   1              DcsPktWrite(DCS_S121[0], (sizeof(DCS_S121) - 1), &DCS_S121[1]);
 623   1              DcsPktWrite(DCS_S122[0], (sizeof(DCS_S122) - 1), &DCS_S122[1]);
 624   1              DcsPktWrite(DCS_S123[0], (sizeof(DCS_S123) - 1), &DCS_S123[1]);
 625   1              DcsPktWrite(DCS_S124[0], (sizeof(DCS_S124) - 1), &DCS_S124[1]);
 626   1              DcsPktWrite(DCS_S125[0], (sizeof(DCS_S125) - 1), &DCS_S125[1]);
 627   1              DcsPktWrite(DCS_S126[0], (sizeof(DCS_S126) - 1), &DCS_S126[1]);
 628   1              DcsPktWrite(DCS_S127[0], (sizeof(DCS_S127) - 1), &DCS_S127[1]);
 629   1              DcsPktWrite(DCS_S128[0], (sizeof(DCS_S128) - 1), &DCS_S128[1]);
 630   1              DcsPktWrite(DCS_S129[0], (sizeof(DCS_S129) - 1), &DCS_S129[1]);
 631   1              DcsPktWrite(DCS_S130[0], (sizeof(DCS_S130) - 1), &DCS_S130[1]);
 632   1              DcsPktWrite(DCS_S131[0], (sizeof(DCS_S131) - 1), &DCS_S131[1]);
 633   1              DcsPktWrite(DCS_S132[0], (sizeof(DCS_S132) - 1), &DCS_S132[1]);
 634   1              DcsPktWrite(DCS_S133[0], (sizeof(DCS_S133) - 1), &DCS_S133[1]);
 635   1              DcsPktWrite(DCS_S134[0], (sizeof(DCS_S134) - 1), &DCS_S134[1]);
 636   1              DcsPktWrite(DCS_S135[0], (sizeof(DCS_S135) - 1), &DCS_S135[1]);
 637   1              DcsPktWrite(DCS_S136[0], (sizeof(DCS_S136) - 1), &DCS_S136[1]);
 638   1              DcsPktWrite(DCS_S137[0], (sizeof(DCS_S137) - 1), &DCS_S137[1]);
 639   1              DcsPktWrite(DCS_S138[0], (sizeof(DCS_S138) - 1), &DCS_S138[1]);
 640   1              DcsPktWrite(DCS_S139[0], (sizeof(DCS_S139) - 1), &DCS_S139[1]);
 641   1              DcsPktWrite(DCS_S140[0], (sizeof(DCS_S140) - 1), &DCS_S140[1]);
 642   1              DcsPktWrite(DCS_S141[0], (sizeof(DCS_S141) - 1), &DCS_S141[1]);
 643   1              DcsPktWrite(DCS_S142[0], (sizeof(DCS_S142) - 1), &DCS_S142[1]);
 644   1              DcsPktWrite(DCS_S143[0], (sizeof(DCS_S143) - 1), &DCS_S143[1]);
 645   1              DcsPktWrite(DCS_S144[0], (sizeof(DCS_S144) - 1), &DCS_S144[1]);
 646   1              DcsPktWrite(DCS_S145[0], (sizeof(DCS_S145) - 1), &DCS_S145[1]);
 647   1              DcsPktWrite(DCS_S146[0], (sizeof(DCS_S146) - 1), &DCS_S146[1]);
 648   1              DcsPktWrite(DCS_S147[0], (sizeof(DCS_S147) - 1), &DCS_S147[1]);
 649   1              DcsPktWrite(DCS_S148[0], (sizeof(DCS_S148) - 1), &DCS_S148[1]);
 650   1              DcsPktWrite(DCS_S149[0], (sizeof(DCS_S149) - 1), &DCS_S149[1]);
 651   1              DcsPktWrite(DCS_S150[0], (sizeof(DCS_S150) - 1), &DCS_S150[1]);
 652   1              DcsPktWrite(DCS_S151[0], (sizeof(DCS_S151) - 1), &DCS_S151[1]);
 653   1              DcsPktWrite(DCS_S152[0], (sizeof(DCS_S152) - 1), &DCS_S152[1]);
 654   1              DcsPktWrite(DCS_S153[0], (sizeof(DCS_S153) - 1), &DCS_S153[1]);
 655   1              DcsPktWrite(DCS_S154[0], (sizeof(DCS_S154) - 1), &DCS_S154[1]);
 656   1              DcsPktWrite(DCS_S155[0], (sizeof(DCS_S155) - 1), &DCS_S155[1]);
 657   1              DcsPktWrite(DCS_S156[0], (sizeof(DCS_S156) - 1), &DCS_S156[1]);
 658   1              DcsPktWrite(DCS_S157[0], (sizeof(DCS_S157) - 1), &DCS_S157[1]);
 659   1              DcsPktWrite(DCS_S158[0], (sizeof(DCS_S158) - 1), &DCS_S158[1]);
 660   1              DcsPktWrite(DCS_S159[0], (sizeof(DCS_S159) - 1), &DCS_S159[1]);
 661   1              DcsPktWrite(DCS_S160[0], (sizeof(DCS_S160) - 1), &DCS_S160[1]);
 662   1              DcsPktWrite(DCS_S161[0], (sizeof(DCS_S161) - 1), &DCS_S161[1]);
 663   1              DcsPktWrite(DCS_S162[0], (sizeof(DCS_S162) - 1), &DCS_S162[1]);
 664   1              DcsPktWrite(DCS_S163[0], (sizeof(DCS_S163) - 1), &DCS_S163[1]);
 665   1              DcsPktWrite(DCS_S164[0], (sizeof(DCS_S164) - 1), &DCS_S164[1]);
 666   1              DcsPktWrite(DCS_S165[0], (sizeof(DCS_S165) - 1), &DCS_S165[1]);
 667   1              DcsPktWrite(DCS_S166[0], (sizeof(DCS_S166) - 1), &DCS_S166[1]);
 668   1              DcsPktWrite(DCS_S167[0], (sizeof(DCS_S167) - 1), &DCS_S167[1]);
 669   1              DcsPktWrite(DCS_S168[0], (sizeof(DCS_S168) - 1), &DCS_S168[1]);
 670   1              DcsPktWrite(DCS_S169[0], (sizeof(DCS_S169) - 1), &DCS_S169[1]);
 671   1              DcsPktWrite(DCS_S170[0], (sizeof(DCS_S170) - 1), &DCS_S170[1]);
 672   1              DcsPktWrite(DCS_S171[0], (sizeof(DCS_S171) - 1), &DCS_S171[1]);
 673   1              DcsPktWrite(DCS_S172[0], (sizeof(DCS_S172) - 1), &DCS_S172[1]);
 674   1              DcsPktWrite(DCS_S173[0], (sizeof(DCS_S173) - 1), &DCS_S173[1]);
C51 COMPILER V9.60.0.0   LT1605_DCS                                                        11/26/2025 11:55:36 PAGE 12  

 675   1              DcsPktWrite(DCS_S174[0], (sizeof(DCS_S174) - 1), &DCS_S174[1]);
 676   1              DcsPktWrite(DCS_S175[0], (sizeof(DCS_S175) - 1), &DCS_S175[1]);
 677   1              DcsPktWrite(DCS_S176[0], (sizeof(DCS_S176) - 1), &DCS_S176[1]);
 678   1              DcsPktWrite(DCS_S177[0], (sizeof(DCS_S177) - 1), &DCS_S177[1]);
 679   1              DcsPktWrite(DCS_S178[0], (sizeof(DCS_S178) - 1), &DCS_S178[1]);
 680   1              DcsPktWrite(DCS_S179[0], (sizeof(DCS_S179) - 1), &DCS_S179[1]);
 681   1              DcsPktWrite(DCS_S180[0], (sizeof(DCS_S180) - 1), &DCS_S180[1]);
 682   1              DcsPktWrite(DCS_S181[0], (sizeof(DCS_S181) - 1), &DCS_S181[1]);
 683   1              DcsPktWrite(DCS_S182[0], (sizeof(DCS_S182) - 1), &DCS_S182[1]);
 684   1              DcsPktWrite(DCS_S183[0], (sizeof(DCS_S183) - 1), &DCS_S183[1]);
 685   1              DcsPktWrite(DCS_S184[0], (sizeof(DCS_S184) - 1), &DCS_S184[1]);
 686   1              DcsPktWrite(DCS_S185[0], (sizeof(DCS_S185) - 1), &DCS_S185[1]);
 687   1              DcsPktWrite(DCS_S186[0], (sizeof(DCS_S186) - 1), &DCS_S186[1]);
 688   1              DcsPktWrite(DCS_S187[0], (sizeof(DCS_S187) - 1), &DCS_S187[1]);
 689   1              DcsPktWrite(DCS_S188[0], (sizeof(DCS_S188) - 1), &DCS_S188[1]);
 690   1              DcsPktWrite(DCS_S189[0], (sizeof(DCS_S189) - 1), &DCS_S189[1]);
 691   1              DcsPktWrite(DCS_S190[0], (sizeof(DCS_S190) - 1), &DCS_S190[1]);
 692   1              DcsPktWrite(DCS_S191[0], (sizeof(DCS_S191) - 1), &DCS_S191[1]);
 693   1              DcsPktWrite(DCS_S192[0], (sizeof(DCS_S192) - 1), &DCS_S192[1]);
 694   1      
 695   1              DcsPktWrite(Sleep_Out[0], (sizeof(Sleep_Out) - 1), &Sleep_Out[1]);
 696   1              DelayMs(120);
 697   1              DcsPktWrite(Display_On[0], (sizeof(Display_On) - 1), &Display_On[1]);
 698   1              DelayMs(5);
 699   1      
 700   1              DcsPktWrite(DCS_S193[0], (sizeof(DCS_S193) - 1), &DCS_S193[1]);
 701   1              DcsPktWrite(DCS_S194[0], (sizeof(DCS_S194) - 1), &DCS_S194[1]);
 702   1      
 703   1      #else
                      // BIST
              
                      DelayMs(50);
              
              #endif
 709   1      }
 710          
 711          /************************************** The End Of File **************************************/
 712          
 713          /*#include "include.h"
 714          
 715          #define LPK_DI  0x29
 716          #define SPK_DI  0x15
 717          
 718          code u8 dcsrst[] = {0x05,0x01,0x00};
 719          //*************************************
 720          // Sleep-Out
 721          //*************************************
 722          code u8 Sleep_Out[] = {0x05,0x11,0x00};
 723          code u8 Sleep_IN[] = {0x05,0x10,0x00};
 724          //DELAY 120
 725          // Display-On
 726          //*************************************
 727          code u8 Display_On[] = {0x05,0x29,0x00};
 728          code u8 Set_address_mode[] = {0x15,0x36,0x00};
 729          code u8 Set_pixel_format[] = {0x15,0x3A,0x00};
 730          #define CMDNUM  (44)
 731          
 732          code u8 dcs0[] = {0x58,0x00};   
 733          code u8 dcs1[] = {0x09,0x01};
 734          code u8 dcs2[] = {0xff,0x00};
 735          code u8 dcs3[] = {0x0a,0x0b};
 736          code u8 dcs4[] = {0x0b,0x28};
C51 COMPILER V9.60.0.0   LT1605_DCS                                                        11/26/2025 11:55:36 PAGE 13  

 737          code u8 dcs5[] = {0xff,0x00};
 738          code u8 dcs6[] = {0x10,0x20};
 739          code u8 dcs7[] = {0x11,0x00};
 740          code u8 dcs8[] = {0x12,0x62};
 741          code u8 dcs9[] = {0x13,0x62};
 742          code u8 dcs10[] = {0x18,0x6c};
 743          code u8 dcs11[] = {0x19,0x0f};
 744          code u8 dcs12[] = {0x1a,0x00};
 745          code u8 dcs13[] = {0x1b,0x00};
 746          code u8 dcs14[] = {0x20,0x80};
 747          code u8 dcs15[] = {0x21,0x07};
 748          
 749          code u8 dcs16[] = {0x24,0xb0};
 750          code u8 dcs17[] = {0x25,0x04};
 751          code u8 dcs18[] = {0x26,0x80};
 752          code u8 dcs19[] = {0x27,0x07};
 753          
 754          code u8 dcs20[] = {0x28,0x20};  
 755          code u8 dcs21[] = {0x29,0x00};
 756          code u8 dcs22[] = {0x2a,0x20};
 757          code u8 dcs23[] = {0x2b,0x00};
 758          code u8 dcs24[] = {0x2c,0x14};
 759          code u8 dcs25[] = {0x2d,0x00};
 760          code u8 dcs26[] = {0x2e,0x14};
 761          code u8 dcs27[] = {0x2f,0x00};
 762          code u8 dcs28[] = {0x30,0x04};
 763          code u8 dcs29[] = {0x31,0x00};
 764          
 765          code u8 dcs30[] = {0x32,0x04};  
 766          code u8 dcs31[] = {0x33,0x00};
 767          code u8 dcs32[] = {0x34,0x0c};
 768          code u8 dcs33[] = {0x35,0x00};
 769          code u8 dcs34[] = {0x36,0x14};
 770          code u8 dcs35[] = {0x37,0x00};
 771          code u8 dcs36[] = {0x38,0x34};
 772          code u8 dcs37[] = {0x39,0x00};
 773          code u8 dcs38[] = {0x3a,0x13};
 774          code u8 dcs39[] = {0x3b,0x00};
 775          
 776          code u8 dcs40[] = {0xff,0x00};  
 777          code u8 dcs41[] = {0x0d,0x01};
 778          code u8 dcs42[] = {0xff,0x00};
 779          code u8 dcs43[] = {0x09,0x00};
 780          
 781          code u8 *cmdlist[]={
 782          dcs0,dcs1,dcs2,dcs3,dcs4,dcs5,dcs6,dcs7,dcs8,dcs9
 783          ,dcs10,dcs11,dcs12,dcs13,dcs14,dcs15,dcs16,dcs17,dcs18,dcs19
 784          ,dcs20,dcs21,dcs22,dcs23,dcs24,dcs25,dcs26,dcs27,dcs28,dcs29
 785          ,dcs30,dcs31,dcs32,dcs33,dcs34,dcs35,dcs36,dcs37,dcs38,dcs39
 786          ,dcs40,dcs41,dcs42,dcs43//,dcs44,dcs45,dcs46,dcs47,dcs48,dcs49
 787          };
 788          
 789          
 790          code u8 cmdlen[]={
 791          sizeof(dcs0),sizeof(dcs1),sizeof(dcs2),sizeof(dcs3),sizeof(dcs4),sizeof(dcs5),sizeof(dcs6),sizeof(dcs7),si
             -zeof(dcs8),sizeof(dcs9)
 792          ,sizeof(dcs10),sizeof(dcs11),sizeof(dcs12),sizeof(dcs13),sizeof(dcs14),sizeof(dcs15),sizeof(dcs16),sizeof(
             -dcs17),sizeof(dcs18),sizeof(dcs19)
 793          ,sizeof(dcs20),sizeof(dcs21),sizeof(dcs22),sizeof(dcs23),sizeof(dcs24),sizeof(dcs25),sizeof(dcs26),sizeof(
             -dcs27),sizeof(dcs28),sizeof(dcs29)
 794          ,sizeof(dcs30),sizeof(dcs31),sizeof(dcs32),sizeof(dcs33),sizeof(dcs34),sizeof(dcs35),sizeof(dcs36),sizeof(
             -dcs37),sizeof(dcs38),sizeof(dcs39)
C51 COMPILER V9.60.0.0   LT1605_DCS                                                        11/26/2025 11:55:36 PAGE 14  

 795          ,sizeof(dcs40),sizeof(dcs41),sizeof(dcs42),sizeof(dcs43)//,sizeof(dcs44),sizeof(dcs45),sizeof(dcs46),sizeo
             -f(dcs47),sizeof(dcs48),sizeof(dcs49)
 796          };
 797          
 798          
 799          
 800          void DcsPktWrite(u8 DCS_DI, u8 Len, u8* Ptr )
 801          {
 802                  u8 i=0;
 803                  chip_write_i2c(0xC21C,0x40); //Write enable;
 804                  if( Len == 2 )
 805                  {       
 806                          chip_write_i2c(0xC218,0x0C); //Hardware calculate ecc and crc&LP mode send pkt enable&Short pkt
 807                          chip_write_i2c(0xC219,0x04);
 808                          chip_write_i2c(0xC234,DCS_DI);
 809                          chip_write_i2c(0xC234,*Ptr);
 810                          chip_write_i2c(0xC234,*( Ptr + 1 ));
 811                          
 812                  }else
 813                  {
 814                          chip_write_i2c(0xC218,0x0E);
 815                          chip_write_i2c(0xC219,Len + 6);
 816                          chip_write_i2c(0xC234,DCS_DI);
 817                          chip_write_i2c(0xC234,Len);
 818                          chip_write_i2c(0xC234,0x00);
 819                          for( i = 0; i < Len; i++ )
 820                          {
 821                                  chip_write_i2c(0xC234,*Ptr);
 822                                  Ptr++;                                                                                                             
 823                          }
 824                  }
 825                  DelayMs(1);
 826                  chip_write_i2c(0xC218,0x00);
 827          
 828          }
 829          
 830          void InitPanel( void )
 831          {
 832             u8 dcslen=0,i=0;
 833             for(i=0;i<CMDNUM;i++)
 834             {
 835                          dcslen=cmdlen[i];//sizeof(dcs##CMDNUM(i));
 836                          if(dcslen==2)
 837                        DcsPktWrite(SPK_DI,dcslen, cmdlist[i]);//shot
 838                          else if(dcslen>2)
 839                           DcsPktWrite(LPK_DI,dcslen, cmdlist[i]);//long
 840                  }
 841                  DcsPktWrite( Sleep_Out[0], ( sizeof( Sleep_Out ) - 1 ), &Sleep_Out[1] );
 842                  DelayMs(150);
 843          //      DcsPktWrite( Set_address_mode[0], ( sizeof( Set_address_mode ) - 1 ), &Set_address_mode[1] );
 844          //      DelayMs(150);
 845          //      DcsPktWrite( Set_pixel_format[0], ( sizeof( Set_pixel_format ) - 1 ), &Set_pixel_format[1] );
 846                  DcsPktWrite( Display_On[0], ( sizeof( Display_On ) - 1 ), &Display_On[1] );
 847                  DelayMs(200);
 848          } 
 849          
 850                          
 851          /************************************** The End Of File **************************************/


MODULE INFORMATION:   STATIC OVERLAYABLE
   CODE SIZE        =   3912    ----
C51 COMPILER V9.60.0.0   LT1605_DCS                                                        11/26/2025 11:55:36 PAGE 15  

   CONSTANT SIZE    =    603    ----
   XDATA SIZE       =   ----      14
   PDATA SIZE       =   ----    ----
   DATA SIZE        =   ----    ----
   IDATA SIZE       =   ----    ----
   BIT SIZE         =   ----    ----
END OF MODULE INFORMATION.


C51 COMPILATION COMPLETE.  0 WARNING(S),  0 ERROR(S)
