C51 COMPILER V9.60.0.0   MAIN                                                              11/26/2025 11:55:36 PAGE 1   


C51 COMPILER V9.60.0.0, COMPILATION OF MODULE MAIN
OBJECT MODULE PLACED IN .\Objects\main.obj
COMPILER INVOKED BY: D:\DevTools\Keil_5\Keil_v5\C51\BIN\C51.EXE ..\User\main.c LARGE OPTIMIZE(8,SPEED) BROWSE INCDIR(..\
                    -User) DEBUG OBJECTEXTEND PRINT(.\Listings\main.lst) OBJECT(.\Objects\main.obj)

line level    source

   1          #include "include.h"
   2          
   3          TIMING g_TimingStr =    //default
   4          { 68215//pixclk
   5          ,       860//Htotal
   6          ,       800//Hactive
   7          ,       20//Hfp
   8          ,       20//Hsw
   9          ,       20//Hbp
  10          ,       1322//Vtotal 
  11          ,       1280//Vactive 
  12          ,       30////Vfp 
  13          ,       4////Vsw 
  14          ,       8////Vbp 
  15          ,       1//Hspol
  16          ,       1//Vspol
  17          }; 
  18          
  19          //TIMING g_TimingStr = 
  20          //{ 148500//pixclk
  21          //,     2200//Htotal
  22          //,     1920//Hactive
  23          //,     88//Hfp
  24          //,     44//Hsw
  25          //,     148//Hbp
  26          //,     1125//Vtotal 
  27          //,     1080//Vactive 
  28          //,     4////Vfp 
  29          //,     5////Vsw 
  30          //,     36////Vbp 
  31          //,     1//Hspol
  32          //,     1//Vs
  33          //};
  34                  //TIMING g_TimingStr = 
  35          //{ 68215//pixclk
  36          //,     1322//Vtotal 
  37          //,     1280//Vactive 
  38          //,     30////Vfp 
  39          //,     4////Vsw 
  40          //,     8////Vbp 
  41          //,     860//Htotal
  42          //,     800//Hactive
  43          //,     20//Hfp
  44          //,     20//Hsw
  45          //,     20//Hbp
  46          //,     1//Hspol
  47          //,     1//Vspol
  48          //}; 
  49          
  50          
  51          DPCD g_DpcdSetStr = 
  52          { 0x06// 0x14(5.4G)  & 0x0A(2.7G) & 0x06(1.62g)
  53          , 0x02// 0x04(dp 4lane) & 0x02(dp 2lane) & 0x01(dp 1lane)
  54          , 0x00// 0x01(SSC On) & 0x00(SSC Off)
C51 COMPILER V9.60.0.0   MAIN                                                              11/26/2025 11:55:36 PAGE 2   

  55          };
  56          
  57          MIPI g_MipiSetStr = 
  58          { Port_4lane//Port_4lane & Port_3lane & Port_2lane & Port_1lane
  59          , Burst_Mode//Burst_Mode & NonBurst_SyncPulse_Mode & NonBurst_SyncEvent_Mode 
  60          , NonContinuousClock//ContinuousClock & NonContinuousClock
  61          };
  62          
  63          u8 FwVersion[6]={0x03,0x82,0x25,0x09,0x02,0x01};
  64          
  65          void Lt7911D_FwVersionSet(void)
  66          {
  67   1              BKD2_0C_REG = FwVersion[0];//chip_write_i2c(0xD20C,FwVersion[0]);
  68   1              BKD2_0D_REG = FwVersion[1];//chip_write_i2c(0xD20D,FwVersion[1]);
  69   1              BKD2_0E_REG = FwVersion[2];//chip_write_i2c(0xD20E,FwVersion[2]);
  70   1              BKD2_0F_REG = FwVersion[3];//chip_write_i2c(0xD20F,FwVersion[3]);
  71   1              BKD2_10_REG = FwVersion[4];//chip_write_i2c(0xD210,FwVersion[4]);
  72   1              BKD2_11_REG = FwVersion[5];//chip_write_i2c(0xD211,FwVersion[5]);
  73   1      }
  74          void main(void)
  75          {
  76   1              g_EdidBlockCalEnable = TRUE;
  77   1              
  78   1              g_ChipModel = LT7911D;//LT7911D & LT7911
  79   1              g_InputType = Dp_Source ;//Typec_Source & Dp_Source
  80   1              g_DisplayMode = VideoCopyMode;//        VideoCopyMode & SideBySideMode
  81   1              g_OutputMode = RGB;//   RGB & YUV422 & YUV444
  82   1              g_MipiFormat = RGB888;//RGB888 & YUV422_8bit
  83   1              g_MipiType = DSI;//DSI & CSI
  84   1              
  85   1              Lt7911_InitialSteps();
  86   1      }


MODULE INFORMATION:   STATIC OVERLAYABLE
   CODE SIZE        =     83    ----
   CONSTANT SIZE    =   ----    ----
   XDATA SIZE       =     35    ----
   PDATA SIZE       =   ----    ----
   DATA SIZE        =   ----    ----
   IDATA SIZE       =   ----    ----
   BIT SIZE         =   ----    ----
END OF MODULE INFORMATION.


C51 COMPILATION COMPLETE.  0 WARNING(S),  0 ERROR(S)
