C51 COMPILER V9.60.0.0   MIPI                                                              11/26/2025 11:55:36 PAGE 1   


C51 COMPILER V9.60.0.0, COMPILATION OF MODULE MIPI
OBJECT MODULE PLACED IN .\Objects\mipi.obj
COMPILER INVOKED BY: D:\DevTools\Keil_5\Keil_v5\C51\BIN\C51.EXE ..\User\mipi.c LARGE OPTIMIZE(8,SPEED) BROWSE INCDIR(..\
                    -User) DEBUG OBJECTEXTEND PRINT(.\Listings\mipi.lst) OBJECT(.\Objects\mipi.obj)

line level    source

   1          #include "include.h"
   2          
   3          
   4          void chip_write_i2c(u8 xdata *p ,u8 val)
   5          {
   6   1              *p = val ;
   7   1      }
   8          
   9          u8 chip_read_i2c(u8 xdata *p )
  10          {
  11   1              return *p ;
  12   1      }
  13          
  14          void DelayMs(u16 var)             
  15          {
  16   1              u16 i;
  17   1              while(var --)
  18   1              {
  19   2                      for(i=0;i<350;i++);
  20   2              }
  21   1      }
  22          
  23          bool VideoCheck(void)
  24          {
  25   1              u32 rd_PixelClock;
  26   1              u16 rd_Htotal,rd_Hactive,rd_Hstart,rd_Hfp,rd_Hsw,rd_Hbp;
  27   1              u16 rd_Vtotal,rd_Vactive,rd_Vstart;
  28   1              u8 rd_Vfp,rd_Vsw,rd_Vbp;
  29   1              u8 rd_Hspol,rd_Vspol;
  30   1              
  31   1              chip_write_i2c(0xD283,0x10);
  32   1              
  33   1              chip_write_i2c(0xA034,0x21);
  34   1              DelayMs(50);
  35   1        chip_write_i2c(0x9052, 0xE7);//close frequency meter          
  36   1              rd_PixelClock = chip_read_i2c(0xB8B1);
  37   1              rd_PixelClock = (rd_PixelClock<<8)+ chip_read_i2c(0xB8B2);
  38   1              rd_PixelClock = (rd_PixelClock<<8)+ chip_read_i2c(0xB8B3);
  39   1              rd_PixelClock = 2*rd_PixelClock;
  40   1        chip_write_i2c(0x9052, 0xFF);//open frequency mete    
  41   1              
  42   1              chip_write_i2c(0xA034,0x01);
  43   1              
  44   1              #if 0 //take video from video check
                      rd_Htotal = chip_read_i2c(0xD289) << 8;
                      rd_Htotal = rd_Htotal + chip_read_i2c(0xD28A);
                      rd_Htotal = rd_Htotal*2;
              
                      rd_Hactive = chip_read_i2c(0xD28B) << 8;
                      rd_Hactive = rd_Hactive + chip_read_i2c(0xD28C);
                      rd_Hactive = rd_Hactive*2;
              
                      rd_Hfp = chip_read_i2c(0xD29C) << 8;
                      rd_Hfp = rd_Hfp + chip_read_i2c(0xD29D);
C51 COMPILER V9.60.0.0   MIPI                                                              11/26/2025 11:55:36 PAGE 2   

                      rd_Hfp = rd_Hfp*2;
                      
                      rd_Hsw = chip_read_i2c(0xD294) << 8;
                      rd_Hsw = rd_Hsw + chip_read_i2c(0xD295);
                      rd_Hsw = rd_Hsw*2;
              
                      rd_Hbp = chip_read_i2c(0xD298) << 8;
                      rd_Hbp = rd_Hbp + chip_read_i2c(0xD299);
                      rd_Hbp = rd_Hbp*2;
              
                      rd_Vtotal =  chip_read_i2c(0xD29E) << 8;
                      rd_Vtotal = rd_Vtotal + chip_read_i2c(0xD29F);
                      
                      rd_Vactive =  chip_read_i2c(0xD296) << 8;
                      rd_Vactive = rd_Vactive + chip_read_i2c(0xD297);
                      
                      rd_Vfp = chip_read_i2c(0xD288);
                      rd_Vsw = chip_read_i2c(0xD286);
                      rd_Vbp = chip_read_i2c(0xD287);
              
                      rd_Hspol = (chip_read_i2c(0xD2A0) & 0x02) >> 1;
                      rd_Vspol = chip_read_i2c(0xD2A0) & 0x01;
                      #endif 
  78   1              //printf("\n[pixel clock] : %d MHZ\n", rd_PixelClock);
  79   1              //printf("\n[H] : %d (active %d, sync:%d, fp:%d, bp:%d)\n",  rd_Htotal, rd_Hactive, rd_Hsw, rd_Hfp, rd_Hb
             -p);
  80   1              //printf("\n[V] : %d (active %d, sync:%d, fp:%d, bp:%d)\n",  rd_Vtotal, rd_Vactive, rd_Vsw, rd_Vfp, rd_Vb
             -p);
  81   1      
  82   1              #if 1 ////take video from MSA 
  83   1              rd_Htotal = chip_read_i2c(0xD1DB) << 8;
  84   1              rd_Htotal = rd_Htotal + chip_read_i2c(0xD1DC);
  85   1      
  86   1              rd_Hactive = chip_read_i2c(0xD1E7) << 8;
  87   1              rd_Hactive = rd_Hactive + chip_read_i2c(0xD1E8);
  88   1      
  89   1              rd_Hsw = (chip_read_i2c(0xD1DF)&0x7F) << 8;
  90   1              rd_Hsw = rd_Hsw + chip_read_i2c(0xD1E0);
  91   1      
  92   1              rd_Hstart = chip_read_i2c(0xD1E1) <<8 ;
  93   1              rd_Hstart = rd_Hstart + chip_read_i2c(0xD1E2);
  94   1      
  95   1              rd_Hbp = rd_Hstart - rd_Hsw;
  96   1              rd_Hfp = rd_Htotal - rd_Hactive - rd_Hstart;
  97   1      
  98   1              rd_Vtotal =  chip_read_i2c(0xD1DD) << 8;
  99   1              rd_Vtotal = rd_Vtotal + chip_read_i2c(0xD1DE);
 100   1              
 101   1              rd_Vactive =  chip_read_i2c(0xD1E9) << 8;
 102   1              rd_Vactive = rd_Vactive + chip_read_i2c(0xD1EA);
 103   1              
 104   1              rd_Vsw = chip_read_i2c(0xD1E6);
 105   1              
 106   1              rd_Vstart = chip_read_i2c(0xD1E3) <<8 ;
 107   1              rd_Vstart = rd_Vstart + chip_read_i2c(0xD1E4);
 108   1      
 109   1              rd_Vbp = rd_Vstart - rd_Vsw;
 110   1              rd_Vfp = rd_Vtotal - rd_Vactive - rd_Vstart;
 111   1      
 112   1              rd_Hspol = !((chip_read_i2c(0xD1DF) & 0x80) >> 7);
 113   1              rd_Vspol = !((chip_read_i2c(0xD1E5) & 0x80) >> 7);
 114   1              #endif  
C51 COMPILER V9.60.0.0   MIPI                                                              11/26/2025 11:55:36 PAGE 3   

 115   1      
 116   1              g_TimingStr.PixelClock = rd_PixelClock;
 117   1              g_TimingStr.Htotal = rd_Htotal;
 118   1              g_TimingStr.Hactive = rd_Hactive;
 119   1              g_TimingStr.Hfp = rd_Hfp;
 120   1              g_TimingStr.Hsw = rd_Hsw;
 121   1              g_TimingStr.Hbp = rd_Hbp;
 122   1              g_TimingStr.Vtotal = rd_Vtotal;
 123   1              g_TimingStr.Vactive = rd_Vactive;
 124   1              g_TimingStr.Vfp = rd_Vfp;
 125   1              g_TimingStr.Vsw = rd_Vsw;
 126   1              g_TimingStr.Vbp = rd_Vbp;
 127   1              g_TimingStr.Hspol = rd_Hspol ;
 128   1              g_TimingStr.Vspol = rd_Vspol ;
 129   1      
 130   1              return TRUE;
 131   1      }
 132          
 133          void  ColorSpaceConversion(void)
 134          {
 135   1              u8 rd_ColorSpace = 0;
 136   1              u8 rd_RangeDetectDone= 0;
 137   1              u8 rd_RgbRange = 0; 
 138   1      
 139   1      
 140   1              /**********CSCRangeDetect*************/
 141   1              chip_write_i2c(0xA050,0x00);
 142   1              chip_write_i2c(0xA051,0x02);
 143   1              chip_write_i2c(0xA052,0x03);
 144   1              chip_write_i2c(0xA053,0x00);
 145   1              chip_write_i2c(0xA054,0xF1);
 146   1              
 147   1              chip_write_i2c(0xA050,chip_read_i2c(0xA050)|0x02);//CSC range detect enable
 148   1              DelayMs(200);//wait about 6frame 
 149   1              rd_RangeDetectDone = chip_read_i2c(0xA00C)&0x02 ;
 150   1              if(rd_RangeDetectDone)
 151   1                      {
 152   2                              rd_RgbRange = chip_read_i2c(0xA00C) & 0x01;
 153   2                      }
 154   1              chip_write_i2c(0xA050,chip_read_i2c(0xA050)&0xFD);//CSC range detect disable
 155   1              /**************************************/
 156   1              
 157   1              rd_ColorSpace = chip_read_i2c(0xD1EB) & 0x06;
 158   1      
 159   1              if(rd_ColorSpace == 0x00)//RGB
 160   1                      {
 161   2                              if(g_OutputMode == RGB)
 162   2                                      {
 163   3                                      if(rd_RgbRange == Full_Range)
 164   3                                              {
 165   4                                              chip_write_i2c(0xA050,0x04);
 166   4                                              chip_write_i2c(0xA055,0x00);
 167   4                                              chip_write_i2c(0xA057,0x00);
 168   4                                              }
 169   3                                      else//limited range -> full range
 170   3                                              {
 171   4                                              chip_write_i2c(0xA050,0x04);
 172   4                                              chip_write_i2c(0xA055,0x00);
 173   4                                              chip_write_i2c(0xA057,0x03);
 174   4                                              }
 175   3                                      }
 176   2                              else if(g_OutputMode == YUV444)
C51 COMPILER V9.60.0.0   MIPI                                                              11/26/2025 11:55:36 PAGE 4   

 177   2                                      {
 178   3                                      if(rd_RgbRange == Full_Range)
 179   3                                              {
 180   4                                              chip_write_i2c(0xA050,0x00);
 181   4                                              chip_write_i2c(0xA055,0xF0);
 182   4                                              chip_write_i2c(0xA057,0x00);
 183   4                                              }
 184   3                                      else
 185   3                                              {
 186   4                                              chip_write_i2c(0xA050,0x00);
 187   4                                              chip_write_i2c(0xA055,0xE0);
 188   4                                              chip_write_i2c(0xA057,0x00);
 189   4                                              }
 190   3                                      }
 191   2                              else if(g_OutputMode == YUV422)
 192   2                                      {
 193   3                                      if(rd_RgbRange == Full_Range)
 194   3                                              {
 195   4                                              chip_write_i2c(0xA050,0x00);
 196   4                                              chip_write_i2c(0xA055,0xFC);
 197   4                                              chip_write_i2c(0xA057,0x00);
 198   4                                              }
 199   3                                      else
 200   3                                              {
 201   4                                              chip_write_i2c(0xA050,0x00);
 202   4                                              chip_write_i2c(0xA055,0xEC);
 203   4                                              chip_write_i2c(0xA057,0x00);
 204   4                                              }
 205   3                                      }
 206   2                      }
 207   1              else if(rd_ColorSpace == 0x02)//YUV422
 208   1                      {
 209   2                              if(g_OutputMode == RGB)
 210   2                                      {
 211   3                                      chip_write_i2c(0xA050,0x00);
 212   3                                      chip_write_i2c(0xA055,0x03);
 213   3                                      chip_write_i2c(0xA057,0x3c);
 214   3                                      }
 215   2                              else if(g_OutputMode == YUV444)
 216   2                                      {
 217   3                                      chip_write_i2c(0xA050,0x00);
 218   3                                      chip_write_i2c(0xA055,0x03);
 219   3                                      chip_write_i2c(0xA057,0x00);
 220   3                                      }
 221   2                              else if(g_OutputMode == YUV422)
 222   2                                      {
 223   3                                      chip_write_i2c(0xA050,0x04);
 224   3                                      chip_write_i2c(0xA055,0x00);
 225   3                                      chip_write_i2c(0xA057,0x00);
 226   3                                      }
 227   2                      }
 228   1              else if(rd_ColorSpace == 0x04)//YUV444
 229   1                      {
 230   2                              if(g_OutputMode == RGB)
 231   2                                      {
 232   3                                      chip_write_i2c(0xA050,0x00);
 233   3                                      chip_write_i2c(0xA055,0x00);
 234   3                                      chip_write_i2c(0xA057,0x3C);
 235   3                                      }
 236   2                              else if(g_OutputMode == YUV444)
 237   2                                      {
 238   3                                      chip_write_i2c(0xA050,0x04);
C51 COMPILER V9.60.0.0   MIPI                                                              11/26/2025 11:55:36 PAGE 5   

 239   3                                      chip_write_i2c(0xA055,0x00);
 240   3                                      chip_write_i2c(0xA057,0x00);
 241   3                                      }
 242   2                              else if(g_OutputMode == YUV422)
 243   2                                      {
 244   3                                      chip_write_i2c(0xA050,0x00);
 245   3                                      chip_write_i2c(0xA055,0x0C);
 246   3                                      chip_write_i2c(0xA057,0x00);
 247   3                                      }
 248   2                      }       
 249   1      }
 250          
 251          void SyncPolAdjust(void)
 252          {
 253   1              if(g_TimingStr.Hspol  !=  0x01)
 254   1                      {
 255   2                              chip_write_i2c(0xD205,chip_read_i2c(0xD205)|0x04);
 256   2                              chip_write_i2c(0xD205,chip_read_i2c(0xD205)&0xF7);
 257   2                      }
 258   1      
 259   1              if(g_TimingStr.Vspol  !=  0x01)
 260   1                      {
 261   2                              chip_write_i2c(0xD205,chip_read_i2c(0xD205)|0x10);
 262   2                              chip_write_i2c(0xD205,chip_read_i2c(0xD205)&0xDF);
 263   2                      }
 264   1      }
 265          
 266          void MipiLaneSwap(void)
 267          {
 268   1              chip_write_i2c(0xA035,0x43);
 269   1              chip_write_i2c(0xA036,0x21);
 270   1              chip_write_i2c(0xA037,0x04);
 271   1              chip_write_i2c(0xA038,0x32);
 272   1              chip_write_i2c(0xA039,0x10);
 273   1              chip_write_i2c(0xA03A,0x43);
 274   1              chip_write_i2c(0xA03B,0x21);
 275   1              chip_write_i2c(0xA03C,0x04);
 276   1              chip_write_i2c(0xA03D,0x32);
 277   1              chip_write_i2c(0xA03E,0x10);
 278   1      }
 279          
 280          void MipiPortSet(void)
 281          {
 282   1              
 283   1              if(g_DisplayMode == VideoCopyMode)
 284   1                      {
 285   2                      chip_write_i2c(0xA043,0xFF);
 286   2                      }
 287   1              else if(g_DisplayMode == SideBySideMode)
 288   1                      {
 289   2                      if(g_ChipModel == LT7911D)
 290   2                              {
 291   3                              chip_write_i2c(0xA043,0xF5);
 292   3                              }
 293   2                      else
 294   2                              {
 295   3                              chip_write_i2c(0xA043,0xDD);
 296   3                              }
 297   2                      }
 298   1      
 299   1              //port1
 300   1              chip_write_i2c(0xB055,0x34);
C51 COMPILER V9.60.0.0   MIPI                                                              11/26/2025 11:55:36 PAGE 6   

 301   1              chip_write_i2c(0xB05D,0x9F);
 302   1              chip_write_i2c(0xB05F,0x9F);
 303   1              chip_write_i2c(0xB061,0x8F);
 304   1              chip_write_i2c(0xB063,0x9F);
 305   1              chip_write_i2c(0xB065,0x9F);
 306   1              //port3
 307   1              chip_write_i2c(0xB077,0x34);
 308   1              chip_write_i2c(0xB07F,0x9F);
 309   1              chip_write_i2c(0xB081,0x9F);
 310   1              chip_write_i2c(0xB083,0x8F);
 311   1              chip_write_i2c(0xB085,0x9F);
 312   1              chip_write_i2c(0xB087,0x9F);    
 313   1              if(g_ChipModel == LT7911)
 314   1                      {
 315   2                      //port0
 316   2                      chip_write_i2c(0xB044,0x34);
 317   2                      chip_write_i2c(0xB04C,0x9F);
 318   2                      chip_write_i2c(0xB04E,0x9F);
 319   2                      chip_write_i2c(0xB050,0x8F);
 320   2                      chip_write_i2c(0xB052,0x9F);
 321   2                      chip_write_i2c(0xB054,0x9F);
 322   2                      //port2
 323   2                      chip_write_i2c(0xB066,0x34);
 324   2                      chip_write_i2c(0xB06E,0x9F);
 325   2                      chip_write_i2c(0xB070,0x9F);
 326   2                      chip_write_i2c(0xB072,0x8F);
 327   2                      chip_write_i2c(0xB074,0x9F);
 328   2                      chip_write_i2c(0xB076,0x9F);
 329   2                      }
 330   1      }
 331          
 332          void MipiClockSet(void)
 333          {
 334   1              u16 rd_pixelclk = 0;
 335   1              u8 wr_byteclk = 0;
 336   1              u8 wr_freq_div = 0;
 337   1              u8 wr_mipiclock = 0;
 338   1              u8 m=0; 
 339   1              rd_pixelclk = (g_TimingStr.PixelClock/1000);
 340   1      
 341   1              switch(g_MipiFormat)
 342   1                      {
 343   2                      case RGB888:
 344   2                              wr_byteclk = (rd_pixelclk * 3)/g_MipiSetStr.SetPortLaneNum/g_DisplayMode ;
 345   2                              break;
 346   2                      case YUV422_8bit :
 347   2                              wr_byteclk = (rd_pixelclk * 2)/g_MipiSetStr.SetPortLaneNum/g_DisplayMode;
 348   2                              break;
 349   2                      default:
 350   2                              break;
 351   2                      }
 352   1      
 353   1              wr_byteclk += OFFSET;
 354   1      
 355   1              if(wr_byteclk < 50)
 356   1              {
 357   2                      wr_byteclk = 50;
 358   2              }               
 359   1                      
 360   1              chip_write_i2c(0xB03A,0x38);
 361   1              chip_write_i2c(0xB03B,0x01);
 362   1      
C51 COMPILER V9.60.0.0   MIPI                                                              11/26/2025 11:55:36 PAGE 7   

 363   1              if((wr_byteclk < 187)&&(wr_byteclk >= 80))
 364   1                      {
 365   2                      chip_write_i2c(0xB03E,0x10);
 366   2                      wr_freq_div  = 1;
 367   2                      }
 368   1              else if((wr_byteclk < 80)&&(wr_byteclk >= 40))
 369   1                      {
 370   2                      chip_write_i2c(0xB03E,0x00);
 371   2                      wr_freq_div  = 2;
 372   2                      }
 373   1              else if((wr_byteclk < 40)&&(wr_byteclk >= 20))
 374   1                      {
 375   2                      chip_write_i2c(0xB03E,0x20);
 376   2                      wr_freq_div  = 4;
 377   2                      }
 378   1              else if((wr_byteclk < 20)&&(wr_byteclk >= 10))
 379   1                      {
 380   2                      chip_write_i2c(0xB03E,0x30);
 381   2                      wr_freq_div  = 8;
 382   2                      }
 383   1              chip_write_i2c(0xB03F,0x10);
 384   1              chip_write_i2c(0xB040,0x10);
 385   1              chip_write_i2c(0xB041, (wr_byteclk*wr_freq_div*8)/27) ;
 386   1      
 387   1              do
 388   1              {
 389   2                m++;  
 390   2                chip_write_i2c(0x900F,0xDF);
 391   2                chip_write_i2c(0xB044,chip_read_i2c(0xB044)&0xBF);
 392   2                DelayMs(1);
 393   2                chip_write_i2c(0x900F,0xFF);
 394   2                chip_write_i2c(0xB044,chip_read_i2c(0xB044)|0x40);
 395   2                DelayMs(100);
 396   2                      
 397   2                chip_write_i2c(0xB81e,0x00);
 398   2                DelayMs(10);
 399   2                chip_write_i2c(0xB81e,0x01);
 400   2                DelayMs(10);
 401   2                chip_write_i2c(0xB81e,0x03);
 402   2                DelayMs(100);
 403   2              }while((m<3)&&(!(chip_read_i2c(0xB8B0)&0x10)));
 404   1              
 405   1      
 406   1              chip_write_i2c(0xA034,0x1A);
 407   1              DelayMs(10);
 408   1        chip_write_i2c(0x9052, 0xE7);//close frequency meter                  
 409   1              g_MipiByteClock = chip_read_i2c(0xB8B1);
 410   1              g_MipiByteClock = (g_MipiByteClock<<8)+ chip_read_i2c(0xB8B2);
 411   1              g_MipiByteClock = (g_MipiByteClock<<8)+ chip_read_i2c(0xB8B3);
 412   1        chip_write_i2c(0x9052, 0xFF);//open frequency meter   
 413   1                      
 414   1              chip_write_i2c(0xA034,0x01);
 415   1              wr_mipiclock = g_MipiByteClock*4;
 416   1              //printf("\n[MIPI] : %d MHz@ %d  lanes\n", wr_mipiclock , g_MipiSetStr.SetPortLaneNum);
 417   1      }
 418          
 419          void MipiDphySet(void)
 420          {
 421   1              u8 rdbyteclk ,wrhslpx ,wrhsprep ,wrhszero ,wrhstrail;
 422   1              u8 wrclktrail ,wrclkprpr, wrclkzero;
 423   1              
 424   1              rdbyteclk = g_MipiByteClock/1000;
C51 COMPILER V9.60.0.0   MIPI                                                              11/26/2025 11:55:36 PAGE 8   

 425   1      
 426   1              wrhslpx = rdbyteclk/10  ; // hs lpx > 50ns
 427   1              wrhsprep = rdbyteclk/18 + 2 ; //hs prep : (40ns + 4*UI)~(85ns + 6*UI)
 428   1              wrhszero = rdbyteclk/6+1; //hs zero > 145ns + 10UI - hsprep 
 429   1              wrhstrail = rdbyteclk/10+5;// 60+4UI ~ 100+12UI与测量值符合
 430   1      
 431   1              wrclktrail = rdbyteclk/12+1;// 60ns ~ 100+12UI 与测量值符合，Clock post设计有误，写成1防止重叠；
 432   1              wrclkprpr = rdbyteclk/25;//38ns~95ns与实际值符合
 433   1              wrclkzero = rdbyteclk/5;//Clkzero > 300ns - clkprpr ;比测量值小2
 434   1              
 435   1              chip_write_i2c(0x900A,0xBE);
 436   1              chip_write_i2c(0x900A,0xBF);
 437   1              
 438   1              chip_write_i2c(0xB044,chip_read_i2c(0xB044)|0x80);
 439   1              chip_write_i2c(0xA044,0xC0);
 440   1              chip_write_i2c(0xA049,0x80);
 441   1              
 442   1              chip_write_i2c(0xC200,0x00);
 443   1              
 444   1              chip_write_i2c(0xC201,0x00);
 445   1              chip_write_i2c(0xC256,0x00);
 446   1      
 447   1              chip_write_i2c(0xC220,0x0F);
 448   1              chip_write_i2c(0xC225,0x11);
 449   1              chip_write_i2c(0xC22C,0x11);    
 450   1              
 451   1              //chip_write_i2c(0xC221, rdbyteclk/12 + 8);//ck_post  0x05
 452   1              chip_write_i2c(0xC222, wrclktrail);//ck_trail   0x05
 453   1              chip_write_i2c(0xC223, wrclkprpr);      //ck_prpr 0x07
 454   1              chip_write_i2c(0xC224, wrclkzero);      //ck_zero       0x1f
 455   1              
 456   1              //Port 1
 457   1              chip_write_i2c(0xC22F,wrhsprep);        //pt1_hs_prpr
 458   1              chip_write_i2c(0xC230,wrhslpx); //pt1_lpx
 459   1              chip_write_i2c(0xC231,0xAA);    //pt1_cklane_data
 460   1              //Port3
 461   1              chip_write_i2c(0xC252,wrhsprep);        //pt3_hs_prpr
 462   1              chip_write_i2c(0xC253,wrhslpx); //pt3_lpx
 463   1              chip_write_i2c(0xC254,0xAA);    //pt3_cklane_data
 464   1      
 465   1              if(g_ChipModel == LT7911)
 466   1                      {
 467   2                      //Port 0
 468   2                      chip_write_i2c(0xC226,wrhslpx); //pt0_lpx
 469   2                      chip_write_i2c(0xC227,wrhsprep);        //pt0_hs_prpr
 470   2                      chip_write_i2c(0xC22E,0xAA);    //pt0_cklane_data
 471   2                      //Port2
 472   2                      chip_write_i2c(0xC232,wrhsprep);        //pt2_hs_prpr  0x07
 473   2                      chip_write_i2c(0xC233,wrhslpx); //pt2_lpx       0x07
 474   2                      chip_write_i2c(0xC251,0xAA);    //pt2_cklane_data
 475   2                      }
 476   1      
 477   1              chip_write_i2c(0xC228,wrhstrail);       //hs_trail              //Aaron   =0x0a
 478   1              chip_write_i2c(0xC22A,wrhslpx + wrhsprep + wrhszero);//hs_rqst_pre_cnt =0x1a
 479   1      
 480   1              chip_write_i2c(0xC21B,0x10);
 481   1              chip_write_i2c(0xC21D,0x50);
 482   1              chip_write_i2c(0xC22D,0x50);    //cmd_rqst_len          
 483   1      }
 484          
 485          void MipiProtocalSet(void)
 486          {
C51 COMPILER V9.60.0.0   MIPI                                                              11/26/2025 11:55:36 PAGE 9   

 487   1              chip_write_i2c(0xC20C,g_TimingStr.Hactive/256);
 488   1              chip_write_i2c(0xC20D,g_TimingStr.Hactive%256);
 489   1              chip_write_i2c(0xC235,g_TimingStr.Vsw + g_TimingStr.Vbp);
 490   1      
 491   1              chip_write_i2c(0xC206,g_TimingStr.Vactive/256);
 492   1              chip_write_i2c(0xC207,g_TimingStr.Vactive%256);
 493   1      
 494   1              chip_write_i2c(0xC20F,0x55);
 495   1              if(g_DisplayMode == VideoCopyMode)
 496   1                      {
 497   2                      switch(g_MipiType)
 498   2                              {
 499   3                              case DSI:
 500   3                                      chip_write_i2c(0xC238,g_TimingStr.Hactive/256);
 501   3                                      chip_write_i2c(0xC239,g_TimingStr.Hactive%256);
 502   3                                      chip_write_i2c(0xC204,g_TimingStr.Vsw);
 503   3                                      chip_write_i2c(0xC205,g_TimingStr.Vbp);
 504   3                                      chip_write_i2c(0xC208,g_TimingStr.Vfp);
 505   3                                      chip_write_i2c(0xC209,0x0A);
 506   3                                      chip_write_i2c(0xC20A,0x0A);
 507   3                                      chip_write_i2c(0xC20B,0x0A);
 508   3                                      if(g_MipiFormat == RGB888)
 509   3                                              {
 510   4                                              chip_write_i2c(0xC217,0x26);    
 511   4                                              chip_write_i2c(0xC212,0x3E);
 512   4                                              //printf(">> MIPI format is DSI RGB888 , datetype is 0x3E!\n");
 513   4                                              }
 514   3                                      else if(g_MipiFormat == YUV422_8bit)
 515   3                                              {
 516   4                                              chip_write_i2c(0xC217,0x24);    
 517   4                                              chip_write_i2c(0xC212,0x1C);
 518   4                                              //printf(">> MIPI format is DSI YUV422 8bit UYVY, datatype is 0x1C! \n");
 519   4                                              }
 520   3                                              
 521   3                                      break;
 522   3                              case CSI:
 523   3                                      chip_write_i2c(0xC238,g_TimingStr.Hactive/256);
 524   3                                      chip_write_i2c(0xC239,g_TimingStr.Hactive%256);
 525   3                                      chip_write_i2c(0xC204,g_TimingStr.Vsw + g_TimingStr.Vbp -1);
 526   3                                      chip_write_i2c(0xC205,0x01);
 527   3                                      chip_write_i2c(0xC208,0x00);
 528   3                                      chip_write_i2c(0xC209,0x01);
 529   3                                      chip_write_i2c(0xC20A,0x01);
 530   3                                      chip_write_i2c(0xC20B,0x01);
 531   3                                      if(g_MipiFormat == RGB888)
 532   3                                              {
 533   4                                              chip_write_i2c(0xC217,0x26);    
 534   4                                              chip_write_i2c(0xC212,0x24);
 535   4                                              //printf(">> MIPI format is CSI YUV422 8bit UYVY, datatype is 0x24! \n");
 536   4                                              }
 537   3                                      else if(g_MipiFormat == YUV422_8bit)
 538   3                                              {
 539   4                                              chip_write_i2c(0xC217,0x24);    
 540   4                                              chip_write_i2c(0xC212,0x1E);
 541   4                                              //printf(">> MIPI format is CSI YUV422 8bit UYVY, datatype is 0x1E! \n");
 542   4                                              }
 543   3                                      break;
 544   3                              }
 545   2                      }
 546   1              else 
 547   1                      {
 548   2                      chip_write_i2c(0xC210,(g_TimingStr.Hactive/4)/256);
C51 COMPILER V9.60.0.0   MIPI                                                              11/26/2025 11:55:36 PAGE 10  

 549   2                      chip_write_i2c(0xC211,(g_TimingStr.Hactive/4)%256);
 550   2                      switch(g_MipiType)
 551   2                              {
 552   3                              case DSI:
 553   3                                      chip_write_i2c(0xC238,(g_TimingStr.Hactive/2)/256);
 554   3                                      chip_write_i2c(0xC239,(g_TimingStr.Hactive/2)%256);
 555   3                                      chip_write_i2c(0xC204,g_TimingStr.Vsw);
 556   3                                      chip_write_i2c(0xC205,g_TimingStr.Vbp);
 557   3                                      chip_write_i2c(0xC208,g_TimingStr.Vfp);
 558   3                                      chip_write_i2c(0xC209,0x0A);
 559   3                                      chip_write_i2c(0xC20A,0x0A);
 560   3                                      chip_write_i2c(0xC20B,0x0A);
 561   3                                      chip_write_i2c(0xC236,(g_TimingStr.Hactive/2)/256);
 562   3                                      chip_write_i2c(0xC237,(g_TimingStr.Hactive/2)%256);
 563   3                                      chip_write_i2c(0xC257,g_TimingStr.Vsw);
 564   3                                      chip_write_i2c(0xC258,g_TimingStr.Vbp);
 565   3                                      chip_write_i2c(0xC259,g_TimingStr.Vfp);
 566   3                                      chip_write_i2c(0xC25A,0x0A);
 567   3                                      chip_write_i2c(0xC25B,0x0A);
 568   3                                      chip_write_i2c(0xC25C,0x0A);
 569   3                                      if(g_MipiFormat == RGB888)
 570   3                                              {
 571   4                                              chip_write_i2c(0xC217,0xA6);    
 572   4                                              chip_write_i2c(0xC24C,0xA6);
 573   4                                              chip_write_i2c(0xC212,0x3E);
 574   4                                              chip_write_i2c(0xC25D,0x3E);
 575   4                                              //printf(">> MIPI format is DSI RGB888 , datetype is 0x3E!\n");
 576   4                                              }
 577   3                                      else if(g_MipiFormat == YUV422_8bit)
 578   3                                              {
 579   4                                              chip_write_i2c(0xC217,0xA4);    
 580   4                                              chip_write_i2c(0xC24C,0xA4);    
 581   4                                              chip_write_i2c(0xC212,0x1C);
 582   4                                              chip_write_i2c(0xC25D,0x1C);
 583   4                                              //printf(">> MIPI format is DSI YUV422 8bit UYVY, datatype is 0x1C! \n");
 584   4                                              }
 585   3                                              
 586   3                                      break;
 587   3                              case CSI:
 588   3                                      chip_write_i2c(0xC238,(g_TimingStr.Hactive/2)/256);
 589   3                                      chip_write_i2c(0xC239,(g_TimingStr.Hactive/2)%256);
 590   3                                      chip_write_i2c(0xC204,g_TimingStr.Vsw + g_TimingStr.Vbp -1);
 591   3                                      chip_write_i2c(0xC205,0x01);
 592   3                                      chip_write_i2c(0xC208,0x00);
 593   3                                      chip_write_i2c(0xC209,0x01);
 594   3                                      chip_write_i2c(0xC20A,0x01);
 595   3                                      chip_write_i2c(0xC20B,0x01);
 596   3                                      chip_write_i2c(0xC236,(g_TimingStr.Hactive/2)/256);
 597   3                                      chip_write_i2c(0xC237,(g_TimingStr.Hactive/2)%256);
 598   3                                      chip_write_i2c(0xC257,g_TimingStr.Vsw + g_TimingStr.Vbp -1);
 599   3                                      chip_write_i2c(0xC258,0x01);
 600   3                                      chip_write_i2c(0xC259,0x00);
 601   3                                      chip_write_i2c(0xC25A,0x01);
 602   3                                      chip_write_i2c(0xC25B,0x01);
 603   3                                      chip_write_i2c(0xC25C,0x01);
 604   3                                      if(g_MipiFormat == RGB888)
 605   3                                              {
 606   4                                              chip_write_i2c(0xC217,0xA6);    
 607   4                                              chip_write_i2c(0xC24C,0xA6);                                            
 608   4                                              chip_write_i2c(0xC212,0x24);
 609   4                                              chip_write_i2c(0xC25D,0x24);
 610   4                                              //printf(">> MIPI format is CSI YUV422 8bit UYVY, datatype is 0x24! \n");
C51 COMPILER V9.60.0.0   MIPI                                                              11/26/2025 11:55:36 PAGE 11  

 611   4                                              }
 612   3                                      else if(g_MipiFormat == YUV422_8bit)
 613   3                                              {
 614   4                                              chip_write_i2c(0xC217,0xA4);    
 615   4                                              chip_write_i2c(0xC24C,0xA4);                                            
 616   4                                              chip_write_i2c(0xC212,0x1E);
 617   4                                              chip_write_i2c(0xC25D,0x1E);
 618   4                                              //printf(">> MIPI format is CSI YUV422 8bit UYVY, datatype is 0x1E! \n");
 619   4                                              }
 620   3                                      break;
 621   3                              }
 622   2                      }
 623   1      }
 624          
 625          void MipiRdDlyCal(void)
 626          {
 627   1              u32 rd_dly = 0;
 628   1              u16 rd_Hsw,rd_Hbp,rd_Hactive;
 629   1              u32 m,x,y = 0;
 630   1              u16 rdpixclk = 0;
 631   1              u16 rdbyteclk = 0;
 632   1      
 633   1              chip_write_i2c(0xA034,0x1A);
 634   1              DelayMs(10);    
 635   1              g_MipiByteClock = chip_read_i2c(0xB8B1);
 636   1              g_MipiByteClock = (g_MipiByteClock<<8)+ chip_read_i2c(0xB8B2);
 637   1              g_MipiByteClock = (g_MipiByteClock<<8)+ chip_read_i2c(0xB8B3);
 638   1              chip_write_i2c(0xA034,0x01);
 639   1              
 640   1              rdpixclk = g_TimingStr.PixelClock/1000/g_DisplayMode;
 641   1              rdbyteclk = g_MipiByteClock/1000;
 642   1              //printf("\n[PixClock]  : %d MHz\n", rdpixclk);
 643   1              rd_Hsw = g_TimingStr.Hsw/g_DisplayMode;
 644   1              rd_Hbp = g_TimingStr.Hbp/g_DisplayMode;
 645   1              rd_Hactive = g_TimingStr.Hactive/g_DisplayMode;
 646   1              //printf(" \n[H]  : Hsw:%d  Hbp:%d  Hactive :%d  \n",   rdhsw, rdhbp, rdhactive);
 647   1              
 648   1              m = rd_Hsw+rd_Hbp+rd_Hactive ;
 649   1              x = m * (rdbyteclk+1);
 650   1              y = x / (rdpixclk -1);
 651   1              
 652   1              if(g_MipiFormat == YUV422_8bit)
 653   1              {
 654   2              rd_dly = y - (2*rd_Hactive)/g_MipiSetStr.SetPortLaneNum ;
 655   2              }
 656   1              else if(g_MipiFormat == RGB888)
 657   1              {
 658   2              rd_dly = y - (3*rd_Hactive)/g_MipiSetStr.SetPortLaneNum ;
 659   2              }
 660   1              g_RdDly = rd_dly;               
 661   1      }
 662          
 663          void MipiVideoSet(void)
 664          {
 665   1              chip_write_i2c(0xC21C,0x00);
 666   1              switch(g_MipiSetStr.SetPortLaneNum)
 667   1                      {
 668   2                      case 4:
 669   2                              chip_write_i2c(0xC201,0x00|g_MipiSetStr.SetVideoMode|g_MipiType);
 670   2                              chip_write_i2c(0xC256,0x00|g_MipiSetStr.SetVideoMode|g_MipiType);
 671   2                              chip_write_i2c(0xC202,0x01);
 672   2                              chip_write_i2c(0xC203,0x55);
C51 COMPILER V9.60.0.0   MIPI                                                              11/26/2025 11:55:36 PAGE 12  

 673   2                              break;
 674   2                      case 3:
 675   2                              chip_write_i2c(0xC201,0x30|g_MipiSetStr.SetVideoMode|g_MipiType);
 676   2                              chip_write_i2c(0xC256,0x30|g_MipiSetStr.SetVideoMode|g_MipiType);
 677   2                              chip_write_i2c(0xC202,0x01);
 678   2                              chip_write_i2c(0xC203,0x90);                    
 679   2                              break;
 680   2                      case 2:
 681   2                              chip_write_i2c(0xC201,0x20|g_MipiSetStr.SetVideoMode|g_MipiType);
 682   2                              chip_write_i2c(0xC256,0x20|g_MipiSetStr.SetVideoMode|g_MipiType);
 683   2                              chip_write_i2c(0xC202,0x02);
 684   2                              chip_write_i2c(0xC203,0x58);                    
 685   2                              break;
 686   2                      case 1:
 687   2                              chip_write_i2c(0xC201,0x10|g_MipiSetStr.SetVideoMode|g_MipiType);
 688   2                              chip_write_i2c(0xC256,0x10|g_MipiSetStr.SetVideoMode|g_MipiType);
 689   2                              chip_write_i2c(0xC202,0x03);
 690   2                              chip_write_i2c(0xC203,0x00);                    
 691   2                              break;
 692   2                      }       
 693   1              DelayMs(20);
 694   1              chip_write_i2c(0xC200,g_MipiSetStr.SetClockMode);
 695   1              if(g_MipiType == DSI)//only DSI needs EOTP
 696   1              {
 697   2                      chip_write_i2c(0xC214,chip_read_i2c(0xC214)|0x80);
 698   2                      chip_write_i2c(0xC200,chip_read_i2c(0xC200)|0x80);
 699   2              }
 700   1              else
 701   1              {
 702   2                      chip_write_i2c(0xC202,g_RdDly/256);
 703   2                      chip_write_i2c(0xC203,g_RdDly%256);     
 704   2              }
 705   1      }
 706          
 707          void MipiInitial(void)
 708          {
 709   1              VideoCheck();
 710   1              MipiLaneSwap();
 711   1              MipiPortSet();
 712   1              MipiClockSet();         
 713   1              MipiDphySet();
 714   1              if(g_MipiType == DSI)
 715   1              {
 716   2              //printf(">> Inital Panel start!! \n");
 717   2              InitPanel();
 718   2              //printf(">> Inital Panel done!! \n");
 719   2              }
 720   1              else
 721   1              {
 722   2              MipiRdDlyCal();
 723   2              }
 724   1              ColorSpaceConversion();
 725   1              SyncPolAdjust();
 726   1              MipiProtocalSet();
 727   1              MipiVideoSet();
 728   1      }
 729          


MODULE INFORMATION:   STATIC OVERLAYABLE
   CODE SIZE        =   4164    ----
   CONSTANT SIZE    =   ----    ----
C51 COMPILER V9.60.0.0   MIPI                                                              11/26/2025 11:55:36 PAGE 13  

   XDATA SIZE       =   ----      51
   PDATA SIZE       =   ----    ----
   DATA SIZE        =   ----    ----
   IDATA SIZE       =   ----    ----
   BIT SIZE         =   ----    ----
END OF MODULE INFORMATION.


C51 COMPILATION COMPLETE.  0 WARNING(S),  0 ERROR(S)
